Archive member included to satisfy reference by file (symbol)

d:/app/519/1213fb~1.2mp/bin/../lib/gcc/arm-none-eabi/12.2.0/thumb/v6-m/nofp\libgcc.a(_dvmd_tls.o)
                              CMakeFiles/motor.dir/D_/app/519/pico/pico-sdk/src/rp2_common/pico_divider/divider.S.obj (__aeabi_idiv0)
d:/app/519/1213fb~1.2mp/bin/../lib/gcc/arm-none-eabi/12.2.0/thumb/v6-m/nofp\libg.a(libc_a-calloc.o)
                              CMakeFiles/motor.dir/D_/app/519/pico/pico-sdk/src/rp2_common/pico_malloc/pico_malloc.c.obj (calloc)
d:/app/519/1213fb~1.2mp/bin/../lib/gcc/arm-none-eabi/12.2.0/thumb/v6-m/nofp\libg.a(libc_a-callocr.o)
                              d:/app/519/1213fb~1.2mp/bin/../lib/gcc/arm-none-eabi/12.2.0/thumb/v6-m/nofp\libg.a(libc_a-calloc.o) (_calloc_r)
d:/app/519/1213fb~1.2mp/bin/../lib/gcc/arm-none-eabi/12.2.0/thumb/v6-m/nofp\libg.a(libc_a-malloc.o)
                              CMakeFiles/motor.dir/D_/app/519/pico/pico-sdk/src/rp2_common/pico_malloc/pico_malloc.c.obj (malloc)
d:/app/519/1213fb~1.2mp/bin/../lib/gcc/arm-none-eabi/12.2.0/thumb/v6-m/nofp\libg.a(libc_a-mallocr.o)
                              d:/app/519/1213fb~1.2mp/bin/../lib/gcc/arm-none-eabi/12.2.0/thumb/v6-m/nofp\libg.a(libc_a-callocr.o) (_malloc_r)
d:/app/519/1213fb~1.2mp/bin/../lib/gcc/arm-none-eabi/12.2.0/thumb/v6-m/nofp\libg.a(libc_a-mlock.o)
                              d:/app/519/1213fb~1.2mp/bin/../lib/gcc/arm-none-eabi/12.2.0/thumb/v6-m/nofp\libg.a(libc_a-mallocr.o) (__malloc_lock)
d:/app/519/1213fb~1.2mp/bin/../lib/gcc/arm-none-eabi/12.2.0/thumb/v6-m/nofp\libg.a(libc_a-realloc.o)
                              CMakeFiles/motor.dir/D_/app/519/pico/pico-sdk/src/rp2_common/pico_malloc/pico_malloc.c.obj (realloc)
d:/app/519/1213fb~1.2mp/bin/../lib/gcc/arm-none-eabi/12.2.0/thumb/v6-m/nofp\libg.a(libc_a-reallocr.o)
                              d:/app/519/1213fb~1.2mp/bin/../lib/gcc/arm-none-eabi/12.2.0/thumb/v6-m/nofp\libg.a(libc_a-realloc.o) (_realloc_r)
d:/app/519/1213fb~1.2mp/bin/../lib/gcc/arm-none-eabi/12.2.0/thumb/v6-m/nofp\libg.a(libc_a-ctype_.o)
                              CMakeFiles/motor.dir/D_/app/519/pico/pico-sdk/lib/tinyusb/src/tusb.c.obj (_ctype_)
d:/app/519/1213fb~1.2mp/bin/../lib/gcc/arm-none-eabi/12.2.0/thumb/v6-m/nofp\libg.a(libc_a-memmove.o)
                              d:/app/519/1213fb~1.2mp/bin/../lib/gcc/arm-none-eabi/12.2.0/thumb/v6-m/nofp\libg.a(libc_a-reallocr.o) (memmove)
d:/app/519/1213fb~1.2mp/bin/../lib/gcc/arm-none-eabi/12.2.0/thumb/v6-m/nofp\libg.a(libc_a-impure.o)
                              d:/app/519/1213fb~1.2mp/bin/../lib/gcc/arm-none-eabi/12.2.0/thumb/v6-m/nofp\libg.a(libc_a-calloc.o) (_impure_ptr)
d:/app/519/1213fb~1.2mp/bin/../lib/gcc/arm-none-eabi/12.2.0/thumb/v6-m/nofp\libg.a(libc_a-sbrkr.o)
                              d:/app/519/1213fb~1.2mp/bin/../lib/gcc/arm-none-eabi/12.2.0/thumb/v6-m/nofp\libg.a(libc_a-mallocr.o) (_sbrk_r)
d:/app/519/1213fb~1.2mp/bin/../lib/gcc/arm-none-eabi/12.2.0/thumb/v6-m/nofp\libg.a(libc_a-errno.o)
                              d:/app/519/1213fb~1.2mp/bin/../lib/gcc/arm-none-eabi/12.2.0/thumb/v6-m/nofp\libg.a(libc_a-callocr.o) (__errno)
d:/app/519/1213fb~1.2mp/bin/../lib/gcc/arm-none-eabi/12.2.0/thumb/v6-m/nofp\libg.a(libc_a-init.o)
                              d:/app/519/1213fb~1.2mp/bin/../lib/gcc/arm-none-eabi/12.2.0/thumb/v6-m/nofp/crt0.o (__libc_init_array)
d:/app/519/1213fb~1.2mp/bin/../lib/gcc/arm-none-eabi/12.2.0/thumb/v6-m/nofp\libg.a(libc_a-lock.o)
                              d:/app/519/1213fb~1.2mp/bin/../lib/gcc/arm-none-eabi/12.2.0/thumb/v6-m/nofp\libg.a(libc_a-mlock.o) (__retarget_lock_acquire_recursive)
d:/app/519/1213fb~1.2mp/bin/../lib/gcc/arm-none-eabi/12.2.0/thumb/v6-m/nofp\libg.a(libc_a-strlen-stub.o)
                              CMakeFiles/motor.dir/D_/app/519/pico/pico-sdk/src/rp2_common/pico_stdio/stdio.c.obj (strlen)
d:/app/519/1213fb~1.2mp/bin/../lib/gcc/arm-none-eabi/12.2.0/thumb/v6-m/nofp\libg.a(libc_a-freer.o)
                              d:/app/519/1213fb~1.2mp/bin/../lib/gcc/arm-none-eabi/12.2.0/thumb/v6-m/nofp\libg.a(libc_a-malloc.o) (_free_r)
d:/app/519/1213fb~1.2mp/bin/../lib/gcc/arm-none-eabi/12.2.0/thumb/v6-m/nofp\libg.a(libc_a-findfp.o)
                              d:/app/519/1213fb~1.2mp/bin/../lib/gcc/arm-none-eabi/12.2.0/thumb/v6-m/nofp\libg.a(libc_a-impure.o) (__sf)
d:/app/519/1213fb~1.2mp/bin/../lib/gcc/arm-none-eabi/12.2.0/thumb/v6-m/nofp\libg.a(libc_a-fwalk.o)
                              d:/app/519/1213fb~1.2mp/bin/../lib/gcc/arm-none-eabi/12.2.0/thumb/v6-m/nofp\libg.a(libc_a-findfp.o) (_fwalk_sglue)
d:/app/519/1213fb~1.2mp/bin/../lib/gcc/arm-none-eabi/12.2.0/thumb/v6-m/nofp\libg.a(libc_a-stdio.o)
                              d:/app/519/1213fb~1.2mp/bin/../lib/gcc/arm-none-eabi/12.2.0/thumb/v6-m/nofp\libg.a(libc_a-findfp.o) (__sread)
d:/app/519/1213fb~1.2mp/bin/../lib/gcc/arm-none-eabi/12.2.0/thumb/v6-m/nofp\libg.a(libc_a-closer.o)
[...]
Memory Configuration

Name             Origin             Length             Attributes
FLASH            0x10000000         0x00200000         xr
RAM              0x20000000         0x00040000         xrw
SCRATCH_X        0x20040000         0x00001000         xrw
SCRATCH_Y        0x20041000         0x00001000         xrw
*default*        0x00000000         0xffffffff

Linker script and memory map

LOAD d:/app/519/1213fb~1.2mp/bin/../lib/gcc/arm-none-eabi/12.2.0/thumb/v6-m/nofp/crti.o
LOAD d:/app/519/1213fb~1.2mp/bin/../lib/gcc/arm-none-eabi/12.2.0/thumb/v6-m/nofp/crtbegin.o
LOAD d:/app/519/1213fb~1.2mp/bin/../lib/gcc/arm-none-eabi/12.2.0/thumb/v6-m/nofp/crt0.o

.flash_begin    0x10000000        0x0
                0x10000000                        __flash_binary_start = .

.boot2          0x10000000      0x100
                0x10000000                        __boot2_start__ = .
 *(.boot2)
 .boot2         0x10000000      0x100 C:\Users\86184\AppData\Local\Temp\ccgsomMd.o
                0x10000100                        __boot2_end__ = .
                0x00000001                        ASSERT (((__boot2_end__ - __boot2_start__) == 0x100), ERROR: Pico second stage bootloader must be 256 bytes in size)

.text           0x10000100     0x7140
                0x10000100                        __logical_binary_start = .
 *(.vectors)
 .vectors       0x10000100       0xd4 CMakeFiles/motor.dir/D_/app/519/pico/pico-sdk/src/rp2_common/pico_standard_link/crt0.S.obj
                0x10000100                __VECTOR_TABLE
                0x10000100                __vectors
                0x100001c0                isr_invalid
                0x100001c0                __default_isrs_start
                0x100001c2                isr_nmi
                0x100001c4                isr_hardfault
                0x100001c6                isr_svcall
                0x100001c8                isr_pendsv
                0x100001ca                isr_systick
                0x100001cc                isr_irq23
                0x100001cc                isr_irq18
                0x100001cc                isr_irq11
                0x100001cc                isr_irq28
                0x100001cc                isr_irq19
                0x100001cc                isr_irq0
                0x100001cc                isr_irq6
                0x100001cc                isr_irq5
                0x100001cc                isr_irq12
                0x100001cc                isr_irq22
                0x100001cc                isr_irq31
                0x100001cc                isr_irq17
                0x100001cc                isr_irq27
                0x100001cc                isr_irq30
                0x100001cc                isr_irq2
                0x100001cc                isr_irq10
                0x100001cc                isr_irq8
                0x100001cc                isr_irq24
                0x100001cc                isr_irq1
                0x100001cc                isr_irq7
                0x100001cc                isr_irq21
                0x100001cc                isr_irq20
                0x100001cc                isr_irq15
                0x100001cc                isr_irq25
                0x100001cc                isr_irq13
                0x100001cc                __unhandled_user_irq
                0x100001cc                isr_irq4
                0x100001cc                isr_irq16
                0x100001cc                isr_irq29
                0x100001cc                isr_irq26
                0x100001cc                __default_isrs_end
                0x100001cc                isr_irq3
                0x100001cc                isr_irq14
                0x100001cc                isr_irq9
                0x100001d2                unhandled_user_irq_num_in_r0
 *(.binary_info_header)
 .binary_info_header
                0x100001d4       0x14 CMakeFiles/motor.dir/D_/app/519/pico/pico-sdk/src/rp2_common/pico_standard_link/crt0.S.obj
                0x100001e8                        __binary_info_header_end = .
 *(.reset)
 .reset         0x100001e8       0xa8 CMakeFiles/motor.dir/D_/app/519/pico/pico-sdk/src/rp2_common/pico_standard_link/crt0.S.obj
                0x100001e8                _entry_point
                0x10000266                __get_current_exception
 .reset         0x10000290       0x30 CMakeFiles/motor.dir/D_/app/519/pico/pico-sdk/src/rp2_common/pico_standard_link/binary_info.c.obj
 *(.init)
 .init          0x100002c0        0x4 d:/app/519/1213fb~1.2mp/bin/../lib/gcc/arm-none-eabi/12.2.0/thumb/v6-m/nofp/crti.o
                0x100002c0                _init
 *(EXCLUDE_FILE(*libm.a: *libc.a:*lib_a-mem*.o *libgcc.a:) .text*)
 .text.register_tm_clones
                0x100002c4       0x28 d:/app/519/1213fb~1.2mp/bin/../lib/gcc/arm-none-eabi/12.2.0/thumb/v6-m/nofp/crtbegin.o
 .text.frame_dummy
                0x100002ec       0x24 d:/app/519/1213fb~1.2mp/bin/../lib/gcc/arm-none-eabi/12.2.0/thumb/v6-m/nofp/crtbegin.o
 .text.make_drink
                0x10000310       0x7c CMakeFiles/motor.dir/motor.c.obj
                0x10000310                make_drink
 .text.main     0x1000038c      0x15c CMakeFiles/motor.dir/motor.c.obj
                0x1000038c                main
 .text.gpio_set_function
                0x100004e8       0x30 CMakeFiles/motor.dir/D_/app/519/pico/pico-sdk/src/rp2_common/hardware_gpio/gpio.c.obj
                0x100004e8                gpio_set_function
 .text.gpio_init
                0x10000518       0x16 CMakeFiles/motor.dir/D_/app/519/pico/pico-sdk/src/rp2_common/hardware_gpio/gpio.c.obj
                0x10000518                gpio_init
 *fill*         0x1000052e        0x2 
 .text.hw_claim_lock
                0x10000530       0x18 CMakeFiles/motor.dir/D_/app/519/pico/pico-sdk/src/rp2_common/hardware_claim/claim.c.obj
                0x10000530                hw_claim_lock
 .text.hw_claim_unlock
                0x10000548       0x14 CMakeFiles/motor.dir/D_/app/519/pico/pico-sdk/src/rp2_common/hardware_claim/claim.c.obj
                0x10000548                hw_claim_unlock
 .text.hw_claim_or_assert
                0x1000055c       0x32 CMakeFiles/motor.dir/D_/app/519/pico/pico-sdk/src/rp2_common/hardware_claim/claim.c.obj
                0x1000055c                hw_claim_or_assert
 .text.hw_claim_unused_from_range
                0x1000058e       0x50 CMakeFiles/motor.dir/D_/app/519/pico/pico-sdk/src/rp2_common/hardware_claim/claim.c.obj
                0x1000058e                hw_claim_unused_from_range
 *fill*         0x100005de        0x2 
 .text.running_on_fpga
                0x100005e0       0x14 CMakeFiles/motor.dir/D_/app/519/pico/pico-sdk/src/rp2_common/pico_platform/platform.c.obj
                0x100005e0                running_on_fpga
 .text.spin_locks_reset
                0x100005f4       0x20 CMakeFiles/motor.dir/D_/app/519/pico/pico-sdk/src/rp2_common/hardware_sync/sync.c.obj
                0x100005f4                spin_locks_reset
 .text.next_striped_spin_lock_num
                0x10000614       0x1c CMakeFiles/motor.dir/D_/app/519/pico/pico-sdk/src/rp2_common/hardware_sync/sync.c.obj
                0x10000614                next_striped_spin_lock_num
 .text.spin_lock_claim_unused
                0x10000630       0x24 CMakeFiles/motor.dir/D_/app/519/pico/pico-sdk/src/rp2_common/hardware_sync/sync.c.obj
                0x10000630                spin_lock_claim_unused
 .text.set_raw_irq_handler_and_unlock
                0x10000654       0x28 CMakeFiles/motor.dir/D_/app/519/pico/pico-sdk/src/rp2_common/hardware_irq/irq.c.obj
 .text.resolve_branch
                0x1000067c       0x30 CMakeFiles/motor.dir/D_/app/519/pico/pico-sdk/src/rp2_common/hardware_irq/irq.c.obj
 .text.make_branch
                0x100006ac       0x48 CMakeFiles/motor.dir/D_/app/519/pico/pico-sdk/src/rp2_common/hardware_irq/irq.c.obj
 .text.insert_branch_and_link
                0x100006f4       0x40 CMakeFiles/motor.dir/D_/app/519/pico/pico-sdk/src/rp2_common/hardware_irq/irq.c.obj
 .text.irq_is_enabled
                0x10000734       0x18 CMakeFiles/motor.dir/D_/app/519/pico/pico-sdk/src/rp2_common/hardware_irq/irq.c.obj
                0x10000734                irq_is_enabled
 .text.irq_set_mask_enabled
                0x1000074c       0x20 CMakeFiles/motor.dir/D_/app/519/pico/pico-sdk/src/rp2_common/hardware_irq/irq.c.obj
                0x1000074c                irq_set_mask_enabled
 .text.irq_set_enabled
                0x1000076c        0xe CMakeFiles/motor.dir/D_/app/519/pico/pico-sdk/src/rp2_common/hardware_irq/irq.c.obj
                0x1000076c                irq_set_enabled
 *fill*         0x1000077a        0x2 
 .text.irq_set_pending
                0x1000077c       0x10 CMakeFiles/motor.dir/D_/app/519/pico/pico-sdk/src/rp2_common/hardware_irq/irq.c.obj
                0x1000077c                irq_set_pending
 .text.irq_get_vtable_handler
                0x1000078c       0x10 CMakeFiles/motor.dir/D_/app/519/pico/pico-sdk/src/rp2_common/hardware_irq/irq.c.obj
                0x1000078c                irq_get_vtable_handler
 .text.irq_has_shared_handler
                0x1000079c       0x24 CMakeFiles/motor.dir/D_/app/519/pico/pico-sdk/src/rp2_common/hardware_irq/irq.c.obj
                0x1000079c                irq_has_shared_handler
 .text.irq_set_exclusive_handler
                0x100007c0       0x54 CMakeFiles/motor.dir/D_/app/519/pico/pico-sdk/src/rp2_common/hardware_irq/irq.c.obj
                0x100007c0                irq_set_exclusive_handler
 .text.irq_add_shared_handler
                0x10000814      0x210 CMakeFiles/motor.dir/D_/app/519/pico/pico-sdk/src/rp2_common/hardware_irq/irq.c.obj
                0x10000814                irq_add_shared_handler
 .text.irq_remove_handler
                0x10000a24      0x188 CMakeFiles/motor.dir/D_/app/519/pico/pico-sdk/src/rp2_common/hardware_irq/irq.c.obj
                0x10000a24                irq_remove_handler
 .text.irq_add_tail_to_free_list
                0x10000bac       0xf0 CMakeFiles/motor.dir/D_/app/519/pico/pico-sdk/src/rp2_common/hardware_irq/irq.c.obj
                0x10000bac                irq_add_tail_to_free_list
 .text.irq_init_priorities
                0x10000c9c       0x1c CMakeFiles/motor.dir/D_/app/519/pico/pico-sdk/src/rp2_common/hardware_irq/irq.c.obj
                0x10000c9c                irq_init_priorities
 .text.user_irq_claim_unused
                0x10000cb8       0x30 CMakeFiles/motor.dir/D_/app/519/pico/pico-sdk/src/rp2_common/hardware_irq/irq.c.obj
                0x10000cb8                user_irq_claim_unused
 .text.lock_init
                0x10000ce8       0x10 CMakeFiles/motor.dir/D_/app/519/pico/pico-sdk/src/common/pico_sync/lock_core.c.obj
                0x10000ce8                lock_init
 .text.time_reached
                0x10000cf8       0x28 CMakeFiles/motor.dir/D_/app/519/pico/pico-sdk/src/common/pico_time/time.c.obj
 .text.get_entry
                0x10000d20       0x38 CMakeFiles/motor.dir/D_/app/519/pico/pico-sdk/src/common/pico_time/time.c.obj
 .text.timer_pool_entry_comparator
                0x10000d58       0x2e CMakeFiles/motor.dir/D_/app/519/pico/pico-sdk/src/common/pico_time/time.c.obj
                0x10000d58                timer_pool_entry_comparator
 *fill*         0x10000d86        0x2 
 .text.update_us_since_boot
                0x10000d88       0x24 CMakeFiles/motor.dir/D_/app/519/pico/pico-sdk/src/common/pico_time/time.c.obj
 .text.delayed_by_us
                0x10000dac       0x36 CMakeFiles/motor.dir/D_/app/519/pico/pico-sdk/src/common/pico_time/time.c.obj
 *fill*         0x10000de2        0x2 
 .text.ph_get_node
                0x10000de4       0x30 CMakeFiles/motor.dir/D_/app/519/pico/pico-sdk/src/common/pico_time/time.c.obj
 .text.ph_contains_node
                0x10000e14       0x1e CMakeFiles/motor.dir/D_/app/519/pico/pico-sdk/src/common/pico_time/time.c.obj
 .text.ph_new_node
                0x10000e32       0x28 CMakeFiles/motor.dir/D_/app/519/pico/pico-sdk/src/common/pico_time/time.c.obj
 *fill*         0x10000e5a        0x2 
 .text.ph_add_child_node
                0x10000e5c       0x6c CMakeFiles/motor.dir/D_/app/519/pico/pico-sdk/src/common/pico_time/time.c.obj
 .text.ph_merge_nodes
                0x10000ec8       0x3e CMakeFiles/motor.dir/D_/app/519/pico/pico-sdk/src/common/pico_time/time.c.obj
 *fill*         0x10000f06        0x2 
 .text.ph_insert_node
                0x10000f08       0x3c CMakeFiles/motor.dir/D_/app/519/pico/pico-sdk/src/common/pico_time/time.c.obj
 .text.ph_free_node
                0x10000f44       0x3c CMakeFiles/motor.dir/D_/app/519/pico/pico-sdk/src/common/pico_time/time.c.obj
 .text.get_entry_id_high
                0x10000f80       0x30 CMakeFiles/motor.dir/D_/app/519/pico/pico-sdk/src/common/pico_time/time.c.obj
 .text.alarm_pool_post_alloc_init
                0x10000fb0       0x40 CMakeFiles/motor.dir/D_/app/519/pico/pico-sdk/src/common/pico_time/time.c.obj
 .text.sleep_until_callback
                0x10000ff0       0x30 CMakeFiles/motor.dir/D_/app/519/pico/pico-sdk/src/common/pico_time/time.c.obj
 .text.get_absolute_time
                0x10001020       0x22 CMakeFiles/motor.dir/D_/app/519/pico/pico-sdk/src/common/pico_time/time.c.obj
 .text.make_timeout_time_us
                0x10001042       0x24 CMakeFiles/motor.dir/D_/app/519/pico/pico-sdk/src/common/pico_time/time.c.obj
 *fill*         0x10001066        0x2 
 .text.add_alarm_under_lock
                0x10001068       0x94 CMakeFiles/motor.dir/D_/app/519/pico/pico-sdk/src/common/pico_time/time.c.obj
 .text.alarm_pool_alarm_callback
                0x100010fc      0x20c CMakeFiles/motor.dir/D_/app/519/pico/pico-sdk/src/common/pico_time/time.c.obj
 .text.alarm_pool_init_default
                0x10001308       0x38 CMakeFiles/motor.dir/D_/app/519/pico/pico-sdk/src/common/pico_time/time.c.obj
                0x10001308                alarm_pool_init_default
 .text.alarm_pool_get_default
                0x10001340       0x2c CMakeFiles/motor.dir/D_/app/519/pico/pico-sdk/src/common/pico_time/time.c.obj
                0x10001340                alarm_pool_get_default
 .text.alarm_pool_add_alarm_at
                0x1000136c      0x10e CMakeFiles/motor.dir/D_/app/519/pico/pico-sdk/src/common/pico_time/time.c.obj
                0x1000136c                alarm_pool_add_alarm_at
 .text.add_alarm_at
                0x1000147a       0x2e CMakeFiles/motor.dir/D_/app/519/pico/pico-sdk/src/common/pico_time/time.c.obj
 .text.alarm_pool_cancel_alarm
                0x100014a8       0xa0 CMakeFiles/motor.dir/D_/app/519/pico/pico-sdk/src/common/pico_time/time.c.obj
                0x100014a8                alarm_pool_cancel_alarm
 .text.cancel_alarm
                0x10001548       0x10 CMakeFiles/motor.dir/D_/app/519/pico/pico-sdk/src/common/pico_time/time.c.obj
 .text.sleep_until
                0x10001558       0xb0 CMakeFiles/motor.dir/D_/app/519/pico/pico-sdk/src/common/pico_time/time.c.obj
                0x10001558                sleep_until
 .text.sleep_us
                0x10001608       0x1a CMakeFiles/motor.dir/D_/app/519/pico/pico-sdk/src/common/pico_time/time.c.obj
                0x10001608                sleep_us
 .text.sleep_ms
                0x10001622       0x14 CMakeFiles/motor.dir/D_/app/519/pico/pico-sdk/src/common/pico_time/time.c.obj
                0x10001622                sleep_ms
 *fill*         0x10001636        0x2 
 .text.best_effort_wfe_or_timeout
                0x10001638       0x38 CMakeFiles/motor.dir/D_/app/519/pico/pico-sdk/src/common/pico_time/time.c.obj
                0x10001638                best_effort_wfe_or_timeout
 .text.hardware_alarm_irq_handler
                0x10001670       0x88 CMakeFiles/motor.dir/D_/app/519/pico/pico-sdk/src/rp2_common/hardware_timer/timer.c.obj
 .text.hardware_alarm_claim
                0x100016f8       0x18 CMakeFiles/motor.dir/D_/app/519/pico/pico-sdk/src/rp2_common/hardware_timer/timer.c.obj
                0x100016f8                hardware_alarm_claim
 .text.time_us_64
                0x10001710       0x18 CMakeFiles/motor.dir/D_/app/519/pico/pico-sdk/src/rp2_common/hardware_timer/timer.c.obj
                0x10001710                time_us_64
 .text.busy_wait_until
                0x10001728       0x28 CMakeFiles/motor.dir/D_/app/519/pico/pico-sdk/src/rp2_common/hardware_timer/timer.c.obj
                0x10001728                busy_wait_until
 .text.hardware_alarm_set_callback
                0x10001750       0x90 CMakeFiles/motor.dir/D_/app/519/pico/pico-sdk/src/rp2_common/hardware_timer/timer.c.obj
                0x10001750                hardware_alarm_set_callback
 .text.hardware_alarm_set_target
                0x100017e0       0xe8 CMakeFiles/motor.dir/D_/app/519/pico/pico-sdk/src/rp2_common/hardware_timer/timer.c.obj
                0x100017e0                hardware_alarm_set_target
 .text.hardware_alarm_cancel
                0x100018c8       0x40 CMakeFiles/motor.dir/D_/app/519/pico/pico-sdk/src/rp2_common/hardware_timer/timer.c.obj
                0x100018c8                hardware_alarm_cancel
 .text.ph_get_node
                0x10001908       0x30 CMakeFiles/motor.dir/D_/app/519/pico/pico-sdk/src/common/pico_util/pheap.c.obj
 .text.ph_add_child_node
                0x10001938       0x6c CMakeFiles/motor.dir/D_/app/519/pico/pico-sdk/src/common/pico_util/pheap.c.obj
 .text.ph_merge_nodes
                0x100019a4       0x3e CMakeFiles/motor.dir/D_/app/519/pico/pico-sdk/src/common/pico_util/pheap.c.obj
 .text.ph_clear
                0x100019e2       0x34 CMakeFiles/motor.dir/D_/app/519/pico/pico-sdk/src/common/pico_util/pheap.c.obj
                0x100019e2                ph_clear
 .text.ph_post_alloc_init
                0x10001a16        0xe CMakeFiles/motor.dir/D_/app/519/pico/pico-sdk/src/common/pico_util/pheap.c.obj
                0x10001a16                ph_post_alloc_init
 .text.ph_merge_two_pass
                0x10001a24       0x5c CMakeFiles/motor.dir/D_/app/519/pico/pico-sdk/src/common/pico_util/pheap.c.obj
                0x10001a24                ph_merge_two_pass
 .text.ph_remove_any_head
                0x10001a80       0xa4 CMakeFiles/motor.dir/D_/app/519/pico/pico-sdk/src/common/pico_util/pheap.c.obj
 .text.ph_remove_head
                0x10001b24       0x14 CMakeFiles/motor.dir/D_/app/519/pico/pico-sdk/src/common/pico_util/pheap.c.obj
                0x10001b24                ph_remove_head
 .text.ph_remove_and_free_node
                0x10001b38       0xa0 CMakeFiles/motor.dir/D_/app/519/pico/pico-sdk/src/common/pico_util/pheap.c.obj
                0x10001b38                ph_remove_and_free_node
 .text.update_us_since_boot
                0x10001bd8       0x24 CMakeFiles/motor.dir/D_/app/519/pico/pico-sdk/src/common/pico_sync/mutex.c.obj
 .text.delayed_by_ms
                0x10001bfc       0x46 CMakeFiles/motor.dir/D_/app/519/pico/pico-sdk/src/common/pico_sync/mutex.c.obj
 .text.get_absolute_time
                0x10001c42       0x22 CMakeFiles/motor.dir/D_/app/519/pico/pico-sdk/src/common/pico_sync/mutex.c.obj
 .text.make_timeout_time_ms
                0x10001c64       0x20 CMakeFiles/motor.dir/D_/app/519/pico/pico-sdk/src/common/pico_sync/mutex.c.obj
 .text.mutex_init
                0x10001c84       0x1a CMakeFiles/motor.dir/D_/app/519/pico/pico-sdk/src/common/pico_sync/mutex.c.obj
                0x10001c84                mutex_init
 .text.recursive_mutex_init
                0x10001c9e       0x1e CMakeFiles/motor.dir/D_/app/519/pico/pico-sdk/src/common/pico_sync/mutex.c.obj
                0x10001c9e                recursive_mutex_init
 .text.critical_section_init_with_lock_num
                0x10001cbc       0x14 CMakeFiles/motor.dir/D_/app/519/pico/pico-sdk/src/common/pico_sync/critical_section.c.obj
                0x10001cbc                critical_section_init_with_lock_num
 .text.critical_section_init
                0x10001cd0       0x14 CMakeFiles/motor.dir/D_/app/519/pico/pico-sdk/src/common/pico_sync/critical_section.c.obj
                0x10001cd0                critical_section_init
 .text._exit    0x10001ce4        0x4 CMakeFiles/motor.dir/D_/app/519/pico/pico-sdk/src/rp2_common/pico_runtime/runtime.c.obj
                0x10001ce4                _exit
 .text.exit     0x10001ce8        0x6 CMakeFiles/motor.dir/D_/app/519/pico/pico-sdk/src/rp2_common/pico_runtime/runtime.c.obj
                0x10001ce8                exit
 *fill*         0x10001cee        0x2 
 .text.__assert_func
                0x10001cf0       0x38 CMakeFiles/motor.dir/D_/app/519/pico/pico-sdk/src/rp2_common/pico_runtime/runtime.c.obj
                0x10001cf0                __assert_func
 .text.runtime_init
                0x10001d28       0xf8 CMakeFiles/motor.dir/D_/app/519/pico/pico-sdk/src/rp2_common/pico_runtime/runtime.c.obj
                0x10001d28                runtime_init
 .text.panic    0x10001e20       0x30 CMakeFiles/motor.dir/D_/app/519/pico/pico-sdk/src/rp2_common/pico_runtime/runtime.c.obj
                0x10001e20                panic
 .text.clock_configure
                0x10001e50      0x104 CMakeFiles/motor.dir/D_/app/519/pico/pico-sdk/src/rp2_common/hardware_clocks/clocks.c.obj
                0x10001e50                clock_configure
 .text.clocks_init
                0x10001f54      0x100 CMakeFiles/motor.dir/D_/app/519/pico/pico-sdk/src/rp2_common/hardware_clocks/clocks.c.obj
                0x10001f54                clocks_init
 .text.pll_init
                0x10002054      0x140 CMakeFiles/motor.dir/D_/app/519/pico/pico-sdk/src/rp2_common/hardware_pll/pll.c.obj
                0x10002054                pll_init
 .text.watchdog_start_tick
                0x10002194       0x10 CMakeFiles/motor.dir/D_/app/519/pico/pico-sdk/src/rp2_common/hardware_watchdog/watchdog.c.obj
                0x10002194                watchdog_start_tick
 .text.watchdog_update
                0x100021a4       0x14 CMakeFiles/motor.dir/D_/app/519/pico/pico-sdk/src/rp2_common/hardware_watchdog/watchdog.c.obj
                0x100021a4                watchdog_update
 .text._watchdog_enable
                0x100021b8       0x78 CMakeFiles/motor.dir/D_/app/519/pico/pico-sdk/src/rp2_common/hardware_watchdog/watchdog.c.obj
                0x100021b8                _watchdog_enable
 .text.watchdog_reboot
                0x10002230       0x48 CMakeFiles/motor.dir/D_/app/519/pico/pico-sdk/src/rp2_common/hardware_watchdog/watchdog.c.obj
                0x10002230                watchdog_reboot
 .text.xosc_init
                0x10002278       0x28 CMakeFiles/motor.dir/D_/app/519/pico/pico-sdk/src/rp2_common/hardware_xosc/xosc.c.obj
                0x10002278                xosc_init
 .text._out_null
                0x100022a0        0x2 CMakeFiles/motor.dir/D_/app/519/pico/pico-sdk/src/rp2_common/pico_printf/printf.c.obj
 .text._out_fct
                0x100022a2        0xe CMakeFiles/motor.dir/D_/app/519/pico/pico-sdk/src/rp2_common/pico_printf/printf.c.obj
 .text._atoi    0x100022b0       0x24 CMakeFiles/motor.dir/D_/app/519/pico/pico-sdk/src/rp2_common/pico_printf/printf.c.obj
 .text._out_rev
                0x100022d4       0xae CMakeFiles/motor.dir/D_/app/519/pico/pico-sdk/src/rp2_common/pico_printf/printf.c.obj
 .text._ntoa_format
                0x10002382      0x110 CMakeFiles/motor.dir/D_/app/519/pico/pico-sdk/src/rp2_common/pico_printf/printf.c.obj
 .text._ntoa_long
                0x10002492       0xbc CMakeFiles/motor.dir/D_/app/519/pico/pico-sdk/src/rp2_common/pico_printf/printf.c.obj
 .text._ntoa_long_long
                0x1000254e      0x10e CMakeFiles/motor.dir/D_/app/519/pico/pico-sdk/src/rp2_common/pico_printf/printf.c.obj
 .text._etoa    0x1000265c      0x420 CMakeFiles/motor.dir/D_/app/519/pico/pico-sdk/src/rp2_common/pico_printf/printf.c.obj
 .text._ftoa    0x10002a7c      0x354 CMakeFiles/motor.dir/D_/app/519/pico/pico-sdk/src/rp2_common/pico_printf/printf.c.obj
 .text._vsnprintf
                0x10002dd0      0x65c CMakeFiles/motor.dir/D_/app/519/pico/pico-sdk/src/rp2_common/pico_printf/printf.c.obj
 .text.vfctprintf
                0x1000342c       0x20 CMakeFiles/motor.dir/D_/app/519/pico/pico-sdk/src/rp2_common/pico_printf/printf.c.obj
                0x1000342c                vfctprintf
 .text          0x1000344c       0x10 CMakeFiles/motor.dir/D_/app/519/pico/pico-sdk/src/rp2_common/pico_bit_ops/bit_ops_aeabi.S.obj
 .text.rom_func_lookup
                0x1000345c       0x10 CMakeFiles/motor.dir/D_/app/519/pico/pico-sdk/src/rp2_common/pico_bootrom/bootrom.c.obj
                0x1000345c                rom_func_lookup
 .text.rom_data_lookup
                0x1000346c       0x10 CMakeFiles/motor.dir/D_/app/519/pico/pico-sdk/src/rp2_common/pico_bootrom/bootrom.c.obj
                0x1000346c                rom_data_lookup
 .text.rom_funcs_lookup
                0x1000347c       0x36 CMakeFiles/motor.dir/D_/app/519/pico/pico-sdk/src/rp2_common/pico_bootrom/bootrom.c.obj
                0x1000347c                rom_funcs_lookup
 *fill*         0x100034b2        0x2 
 .text.__wrap___aeabi_idiv
                0x100034b4       0x50 CMakeFiles/motor.dir/D_/app/519/pico/pico-sdk/src/rp2_common/pico_divider/divider.S.obj
                0x100034b4                __wrap___aeabi_idivmod
                0x100034b4                divmod_s32s32
                0x100034b4                div_s32s32
                0x100034b4                __wrap___aeabi_idiv
                0x100034bc                divmod_s32s32_unsafe
                0x100034e8                divmod_s32s32_savestate
 .text.__wrap___aeabi_uidiv
                0x10003504       0x4c CMakeFiles/motor.dir/D_/app/519/pico/pico-sdk/src/rp2_common/pico_divider/divider.S.obj
                0x10003504                __wrap___aeabi_uidiv
                0x10003504                __wrap___aeabi_uidivmod
                0x10003504                div_u32u32
                0x10003504                divmod_u32u32
                0x1000350c                divmod_u32u32_unsafe
                0x10003534                divmod_u32u32_savestate
 .text.__wrap___aeabi_ldiv
                0x10003550      0x434 CMakeFiles/motor.dir/D_/app/519/pico/pico-sdk/src/rp2_common/pico_divider/divider.S.obj
                0x10003550                div_s64s64
                0x10003550                divmod_s64s64
                0x10003550                __wrap___aeabi_ldivmod
                0x10003588                divmod_u64u64
                0x10003588                div_u64u64
                0x10003588                __wrap___aeabi_uldivmod
                0x10003598                divmod_u64u64_savestate
                0x100035c0                divmod_s64s64_unsafe
                0x10003648                divmod_u64u64_unsafe
 .text.__wrap___aeabi_darithmetic
                0x10003984       0x80 CMakeFiles/motor.dir/D_/app/519/pico/pico-sdk/src/rp2_common/pico_double/double_aeabi.S.obj
                0x10003984                __wrap___aeabi_drsub
                0x1000398a                __wrap___aeabi_dsub
                0x1000399c                __wrap___aeabi_dadd
                0x100039ae                __wrap___aeabi_ddiv
                0x100039ea                __wrap___aeabi_dmul
 .text.__wrap___aeabi_cdcmple
                0x10003a04       0x6c CMakeFiles/motor.dir/D_/app/519/pico/pico-sdk/src/rp2_common/pico_double/double_aeabi.S.obj
                0x10003a04                __wrap___aeabi_cdrcmple
                0x10003a14                __wrap___aeabi_cdcmpeq
                0x10003a14                __wrap___aeabi_cdcmple
 .text.__wrap___aeabi_dcmplt
                0x10003a70        0xc CMakeFiles/motor.dir/D_/app/519/pico/pico-sdk/src/rp2_common/pico_double/double_aeabi.S.obj
                0x10003a70                __wrap___aeabi_dcmplt
 .text.__wrap___aeabi_dcmple
                0x10003a7c       0x10 CMakeFiles/motor.dir/D_/app/519/pico/pico-sdk/src/rp2_common/pico_double/double_aeabi.S.obj
                0x10003a7c                __wrap___aeabi_dcmple
 .text.__wrap___aeabi_dcmpge
                0x10003a8c       0x10 CMakeFiles/motor.dir/D_/app/519/pico/pico-sdk/src/rp2_common/pico_double/double_aeabi.S.obj
                0x10003a8c                __wrap___aeabi_dcmpge
 .text.__wrap___aeabi_dcmpgt
                0x10003a9c        0xa CMakeFiles/motor.dir/D_/app/519/pico/pico-sdk/src/rp2_common/pico_double/double_aeabi.S.obj
                0x10003a9c                __wrap___aeabi_dcmpgt
 .text.__wrap___aeabi_dcmpun
                0x10003aa6       0x1c CMakeFiles/motor.dir/D_/app/519/pico/pico-sdk/src/rp2_common/pico_double/double_aeabi.S.obj
                0x10003aa6                __wrap___aeabi_dcmpun
 *fill*         0x10003ac2        0x2 
 .text.__wrap___aeabi_i2d
                0x10003ac4       0x38 CMakeFiles/motor.dir/D_/app/519/pico/pico-sdk/src/rp2_common/pico_double/double_aeabi.S.obj
                0x10003ac4                __wrap___aeabi_ui2d
                0x10003acc                __wrap___aeabi_i2d
 .text.__wrap___aeabi_d2iz
                0x10003afc       0x48 CMakeFiles/motor.dir/D_/app/519/pico/pico-sdk/src/rp2_common/pico_double/double_aeabi.S.obj
                0x10003afc                double2int_z
                0x10003afc                __wrap___aeabi_d2iz
 .text.__wrap___aeabi_d2uiz
                0x10003b44       0x18 CMakeFiles/motor.dir/D_/app/519/pico/pico-sdk/src/rp2_common/pico_double/double_aeabi.S.obj
                0x10003b44                __wrap___aeabi_d2uiz
                0x10003b44                double2uint
 .text.__aeabi_double_init
                0x10003b5c       0xcc CMakeFiles/motor.dir/D_/app/519/pico/pico-sdk/src/rp2_common/pico_double/double_init_rom.c.obj
                0x10003b5c                __aeabi_double_init
 .text.double_table_shim_on_use_helper
                0x10003c28       0x34 CMakeFiles/motor.dir/D_/app/519/pico/pico-sdk/src/rp2_common/pico_double/double_v1_rom_shim.S.obj
                0x10003c28                double_table_shim_on_use_helper
 .text.__wrap___aeabi_dsub
                0x10003c5c       0x10 CMakeFiles/motor.dir/D_/app/519/pico/pico-sdk/src/rp2_common/pico_double/double_v1_rom_shim.S.obj
                0x10003c5c                drsub_shim
                0x10003c62                dsub_shim
 .text.dadd_shim
                0x10003c6c      0x15c CMakeFiles/motor.dir/D_/app/519/pico/pico-sdk/src/rp2_common/pico_double/double_v1_rom_shim.S.obj
                0x10003c6c                dadd_shim
 .text.dmul_shim
                0x10003dc8      0x15c CMakeFiles/motor.dir/D_/app/519/pico/pico-sdk/src/rp2_common/pico_double/double_v1_rom_shim.S.obj
                0x10003dc8                dmul_shim
 .text.ddiv_shim
                0x10003f24      0x1b0 CMakeFiles/motor.dir/D_/app/519/pico/pico-sdk/src/rp2_common/pico_double/double_v1_rom_shim.S.obj
                0x10003f24                ddiv_shim
 .text.double2uint_shim
                0x100040d4        0xe CMakeFiles/motor.dir/D_/app/519/pico/pico-sdk/src/rp2_common/pico_double/double_v1_rom_shim.S.obj
                0x100040d4                double2uint_shim
                0x100040d6                double2ufix_shim
 *fill*         0x100040e2        0x2 
 .text.double2uint64_shim
                0x100040e4       0x70 CMakeFiles/motor.dir/D_/app/519/pico/pico-sdk/src/rp2_common/pico_double/double_v1_rom_shim.S.obj
                0x100040e4                double2uint64_shim
                0x100040e6                double2ufix64_shim
                0x10004106                d2fix_a
 .text.dunpacks
                0x10004154       0x3c CMakeFiles/motor.dir/D_/app/519/pico/pico-sdk/src/rp2_common/pico_double/double_v1_rom_shim.S.obj
                0x10004154                dunpacks
 .text.__aeabi_lmul
                0x10004190       0x32 CMakeFiles/motor.dir/D_/app/519/pico/pico-sdk/src/rp2_common/pico_int64_ops/pico_int64_ops_aeabi.S.obj
                0x10004190                __wrap___aeabi_lmul
 *fill*         0x100041c2        0x2 
 .text.__aeabi_float_init
                0x100041c4       0xfc CMakeFiles/motor.dir/D_/app/519/pico/pico-sdk/src/rp2_common/pico_float/float_init_rom.c.obj
                0x100041c4                __aeabi_float_init
 .text.float_table_shim_on_use_helper
                0x100042c0       0x34 CMakeFiles/motor.dir/D_/app/519/pico/pico-sdk/src/rp2_common/pico_float/float_v1_rom_shim.S.obj
                0x100042c0                float_table_shim_on_use_helper
 .text          0x100042f4       0x10 CMakeFiles/motor.dir/D_/app/519/pico/pico-sdk/src/rp2_common/pico_mem_ops/mem_ops_aeabi.S.obj
                0x100042f4                __aeabi_mem_init
 .text.memset   0x10004304        0xc CMakeFiles/motor.dir/D_/app/519/pico/pico-sdk/src/rp2_common/pico_mem_ops/mem_ops_aeabi.S.obj
                0x10004304                __wrap_memset
 .text.memcpy   0x10004310        0xc CMakeFiles/motor.dir/D_/app/519/pico/pico-sdk/src/rp2_common/pico_mem_ops/mem_ops_aeabi.S.obj
                0x10004310                __wrap_memcpy
                0x10004310                __wrap___aeabi_memcpy
 .text.stdio_out_chars_no_crlf
                0x1000431c        0xe CMakeFiles/motor.dir/D_/app/519/pico/pico-sdk/src/rp2_common/pico_stdio/stdio.c.obj
 *fill*         0x1000432a        0x2 
 .text.stdio_out_chars_crlf
                0x1000432c       0x80 CMakeFiles/motor.dir/D_/app/519/pico/pico-sdk/src/rp2_common/pico_stdio/stdio.c.obj
 .text.stdio_stack_buffer_flush
                0x100043ac       0x44 CMakeFiles/motor.dir/D_/app/519/pico/pico-sdk/src/rp2_common/pico_stdio/stdio.c.obj
 .text.stdio_buffered_printer
                0x100043f0       0x20 CMakeFiles/motor.dir/D_/app/519/pico/pico-sdk/src/rp2_common/pico_stdio/stdio.c.obj
 .text.stdout_serialize_begin
                0x10004410       0x30 CMakeFiles/motor.dir/D_/app/519/pico/pico-sdk/src/rp2_common/pico_stdio/stdio.c.obj
                0x10004410                stdout_serialize_begin
 .text.stdout_serialize_end
                0x10004440       0x10 CMakeFiles/motor.dir/D_/app/519/pico/pico-sdk/src/rp2_common/pico_stdio/stdio.c.obj
                0x10004440                stdout_serialize_end
 .text.stdio_put_string
                0x10004450       0x98 CMakeFiles/motor.dir/D_/app/519/pico/pico-sdk/src/rp2_common/pico_stdio/stdio.c.obj
 .text.stdio_set_driver_enabled
                0x100044e8       0x2c CMakeFiles/motor.dir/D_/app/519/pico/pico-sdk/src/rp2_common/pico_stdio/stdio.c.obj
                0x100044e8                stdio_set_driver_enabled
 .text.stdio_flush
                0x10004514       0x20 CMakeFiles/motor.dir/D_/app/519/pico/pico-sdk/src/rp2_common/pico_stdio/stdio.c.obj
                0x10004514                stdio_flush
 .text.__wrap_puts
                0x10004534       0x1e CMakeFiles/motor.dir/D_/app/519/pico/pico-sdk/src/rp2_common/pico_stdio/stdio.c.obj
                0x10004534                __wrap_puts
 *fill*         0x10004552        0x2 
 .text.__wrap_vprintf
                0x10004554       0x44 CMakeFiles/motor.dir/D_/app/519/pico/pico-sdk/src/rp2_common/pico_stdio/stdio.c.obj
                0x10004554                __wrap_vprintf
 .text.__wrap_printf
                0x10004598       0x18 CMakeFiles/motor.dir/D_/app/519/pico/pico-sdk/src/rp2_common/pico_stdio/stdio.c.obj
                0x10004598                __wrap_printf
 .text.stdio_init_all
                0x100045b0        0x8 CMakeFiles/motor.dir/D_/app/519/pico/pico-sdk/src/rp2_common/pico_stdio/stdio.c.obj
                0x100045b0                stdio_init_all
 .text.resetd_init
                0x100045b8        0x2 CMakeFiles/motor.dir/D_/app/519/pico/pico-sdk/src/rp2_common/pico_stdio_usb/reset_interface.c.obj
 *fill*         0x100045ba        0x2 
 .text.resetd_reset
                0x100045bc        0xc CMakeFiles/motor.dir/D_/app/519/pico/pico-sdk/src/rp2_common/pico_stdio_usb/reset_interface.c.obj
 .text.resetd_open
                0x100045c8       0x34 CMakeFiles/motor.dir/D_/app/519/pico/pico-sdk/src/rp2_common/pico_stdio_usb/reset_interface.c.obj
 .text.resetd_xfer_cb
                0x100045fc        0x4 CMakeFiles/motor.dir/D_/app/519/pico/pico-sdk/src/rp2_common/pico_stdio_usb/reset_interface.c.obj
 .text.reset_usb_boot
                0x10004600       0x18 CMakeFiles/motor.dir/D_/app/519/pico/pico-sdk/src/rp2_common/pico_stdio_usb/reset_interface.c.obj
 .text.resetd_control_xfer_cb
                0x10004618       0x5c CMakeFiles/motor.dir/D_/app/519/pico/pico-sdk/src/rp2_common/pico_stdio_usb/reset_interface.c.obj
 .text.usbd_app_driver_get_cb
                0x10004674        0xc CMakeFiles/motor.dir/D_/app/519/pico/pico-sdk/src/rp2_common/pico_stdio_usb/reset_interface.c.obj
                0x10004674                usbd_app_driver_get_cb
 .text.tud_cdc_line_coding_cb
                0x10004680       0x28 CMakeFiles/motor.dir/D_/app/519/pico/pico-sdk/src/rp2_common/pico_stdio_usb/reset_interface.c.obj
                0x10004680                tud_cdc_line_coding_cb
 .text.stdio_usb_in_chars
                0x100046a8       0x70 CMakeFiles/motor.dir/D_/app/519/pico/pico-sdk/src/rp2_common/pico_stdio_usb/stdio_usb.c.obj
                0x100046a8                stdio_usb_in_chars
 .text.low_priority_worker_irq
                0x10004718       0x20 CMakeFiles/motor.dir/D_/app/519/pico/pico-sdk/src/rp2_common/pico_stdio_usb/stdio_usb.c.obj
 .text.stdio_usb_out_chars
                0x10004738       0xd4 CMakeFiles/motor.dir/D_/app/519/pico/pico-sdk/src/rp2_common/pico_stdio_usb/stdio_usb.c.obj
 .text.update_us_since_boot
                0x1000480c       0x24 CMakeFiles/motor.dir/D_/app/519/pico/pico-sdk/src/rp2_common/pico_stdio_usb/stdio_usb.c.obj
 .text.get_absolute_time
                0x10004830       0x22 CMakeFiles/motor.dir/D_/app/519/pico/pico-sdk/src/rp2_common/pico_stdio_usb/stdio_usb.c.obj
 .text.delayed_by_us
                0x10004852       0x36 CMakeFiles/motor.dir/D_/app/519/pico/pico-sdk/src/rp2_common/pico_stdio_usb/stdio_usb.c.obj
 .text.timer_task
                0x10004888       0x40 CMakeFiles/motor.dir/D_/app/519/pico/pico-sdk/src/rp2_common/pico_stdio_usb/stdio_usb.c.obj
 .text.usb_irq  0x100048c8       0x10 CMakeFiles/motor.dir/D_/app/519/pico/pico-sdk/src/rp2_common/pico_stdio_usb/stdio_usb.c.obj
 .text.alarm_pool_add_alarm_in_us
                0x100048d8       0x3a CMakeFiles/motor.dir/D_/app/519/pico/pico-sdk/src/rp2_common/pico_stdio_usb/stdio_usb.c.obj
 .text.add_alarm_in_us
                0x10004912       0x2e CMakeFiles/motor.dir/D_/app/519/pico/pico-sdk/src/rp2_common/pico_stdio_usb/stdio_usb.c.obj
 .text.stdio_usb_init
                0x10004940       0x98 CMakeFiles/motor.dir/D_/app/519/pico/pico-sdk/src/rp2_common/pico_stdio_usb/stdio_usb.c.obj
                0x10004940                stdio_usb_init
 .text.tud_descriptor_device_cb
                0x100049d8        0x8 CMakeFiles/motor.dir/D_/app/519/pico/pico-sdk/src/rp2_common/pico_stdio_usb/stdio_usb_descriptors.c.obj
                0x100049d8                tud_descriptor_device_cb
 .text.tud_descriptor_configuration_cb
                0x100049e0        0x8 CMakeFiles/motor.dir/D_/app/519/pico/pico-sdk/src/rp2_common/pico_stdio_usb/stdio_usb_descriptors.c.obj
                0x100049e0                tud_descriptor_configuration_cb
 .text.tud_descriptor_string_cb
                0x100049e8       0x6c CMakeFiles/motor.dir/D_/app/519/pico/pico-sdk/src/rp2_common/pico_stdio_usb/stdio_usb_descriptors.c.obj
                0x100049e8                tud_descriptor_string_cb
 .text.hw_endpoint_get_by_addr
                0x10004a54       0x18 CMakeFiles/motor.dir/D_/app/519/pico/pico-sdk/lib/tinyusb/src/portable/raspberrypi/rp2040/dcd_rp2040.c.obj
 .text.reset_ep0_pid
                0x10004a6c       0x28 CMakeFiles/motor.dir/D_/app/519/pico/pico-sdk/lib/tinyusb/src/portable/raspberrypi/rp2040/dcd_rp2040.c.obj
 .text._hw_endpoint_alloc
                0x10004a94       0x70 CMakeFiles/motor.dir/D_/app/519/pico/pico-sdk/lib/tinyusb/src/portable/raspberrypi/rp2040/dcd_rp2040.c.obj
 .text.hw_endpoint_init
                0x10004b04       0x88 CMakeFiles/motor.dir/D_/app/519/pico/pico-sdk/lib/tinyusb/src/portable/raspberrypi/rp2040/dcd_rp2040.c.obj
 .text.reset_non_control_endpoints
                0x10004b8c       0x40 CMakeFiles/motor.dir/D_/app/519/pico/pico-sdk/lib/tinyusb/src/portable/raspberrypi/rp2040/dcd_rp2040.c.obj
 .text.hw_handle_buff_status
                0x10004bcc       0x8c CMakeFiles/motor.dir/D_/app/519/pico/pico-sdk/lib/tinyusb/src/portable/raspberrypi/rp2040/dcd_rp2040.c.obj
 .text.dcd_rp2040_irq
                0x10004c58       0xc0 CMakeFiles/motor.dir/D_/app/519/pico/pico-sdk/lib/tinyusb/src/portable/raspberrypi/rp2040/dcd_rp2040.c.obj
 .text.hw_endpoint_xfer
                0x10004d18       0x14 CMakeFiles/motor.dir/D_/app/519/pico/pico-sdk/lib/tinyusb/src/portable/raspberrypi/rp2040/dcd_rp2040.c.obj
 .text.dcd_int_enable
                0x10004d2c       0x2c CMakeFiles/motor.dir/D_/app/519/pico/pico-sdk/lib/tinyusb/src/portable/raspberrypi/rp2040/dcd_rp2040.c.obj
                0x10004d2c                dcd_int_enable
 .text.dcd_set_address
                0x10004d58       0x2c CMakeFiles/motor.dir/D_/app/519/pico/pico-sdk/lib/tinyusb/src/portable/raspberrypi/rp2040/dcd_rp2040.c.obj
                0x10004d58                dcd_set_address
 .text.dcd_connect
                0x10004d84       0x10 CMakeFiles/motor.dir/D_/app/519/pico/pico-sdk/lib/tinyusb/src/portable/raspberrypi/rp2040/dcd_rp2040.c.obj
                0x10004d84                dcd_connect
 .text.dcd_init
                0x10004d94       0x7c CMakeFiles/motor.dir/D_/app/519/pico/pico-sdk/lib/tinyusb/src/portable/raspberrypi/rp2040/dcd_rp2040.c.obj
                0x10004d94                dcd_init
 .text.dcd_edpt0_status_complete
                0x10004e10       0x1c CMakeFiles/motor.dir/D_/app/519/pico/pico-sdk/lib/tinyusb/src/portable/raspberrypi/rp2040/dcd_rp2040.c.obj
                0x10004e10                dcd_edpt0_status_complete
 .text.dcd_edpt_open
                0x10004e2c       0x40 CMakeFiles/motor.dir/D_/app/519/pico/pico-sdk/lib/tinyusb/src/portable/raspberrypi/rp2040/dcd_rp2040.c.obj
                0x10004e2c                dcd_edpt_open
 .text.dcd_edpt_close_all
                0x10004e6c        0x8 CMakeFiles/motor.dir/D_/app/519/pico/pico-sdk/lib/tinyusb/src/portable/raspberrypi/rp2040/dcd_rp2040.c.obj
                0x10004e6c                dcd_edpt_close_all
 .text.dcd_edpt_xfer
                0x10004e74       0x30 CMakeFiles/motor.dir/D_/app/519/pico/pico-sdk/lib/tinyusb/src/portable/raspberrypi/rp2040/dcd_rp2040.c.obj
                0x10004e74                dcd_edpt_xfer
 .text.dcd_edpt_stall
                0x10004ea4       0x2c CMakeFiles/motor.dir/D_/app/519/pico/pico-sdk/lib/tinyusb/src/portable/raspberrypi/rp2040/dcd_rp2040.c.obj
                0x10004ea4                dcd_edpt_stall
 .text.dcd_edpt_clear_stall
                0x10004ed0       0x20 CMakeFiles/motor.dir/D_/app/519/pico/pico-sdk/lib/tinyusb/src/portable/raspberrypi/rp2040/dcd_rp2040.c.obj
                0x10004ed0                dcd_edpt_clear_stall
 .text.prepare_ep_buffer
                0x10004ef0       0x6c CMakeFiles/motor.dir/D_/app/519/pico/pico-sdk/lib/tinyusb/src/portable/raspberrypi/rp2040/rp2040_usb.c.obj
 .text.sync_ep_buffer
                0x10004f5c       0x78 CMakeFiles/motor.dir/D_/app/519/pico/pico-sdk/lib/tinyusb/src/portable/raspberrypi/rp2040/rp2040_usb.c.obj
 .text._hw_endpoint_xfer_sync
                0x10004fd4       0x28 CMakeFiles/motor.dir/D_/app/519/pico/pico-sdk/lib/tinyusb/src/portable/raspberrypi/rp2040/rp2040_usb.c.obj
 .text.rp2040_usb_init
                0x10004ffc       0x4c CMakeFiles/motor.dir/D_/app/519/pico/pico-sdk/lib/tinyusb/src/portable/raspberrypi/rp2040/rp2040_usb.c.obj
                0x10004ffc                rp2040_usb_init
 .text.hw_endpoint_reset_transfer
                0x10005048        0xc CMakeFiles/motor.dir/D_/app/519/pico/pico-sdk/lib/tinyusb/src/portable/raspberrypi/rp2040/rp2040_usb.c.obj
                0x10005048                hw_endpoint_reset_transfer
 .text._hw_endpoint_buffer_control_update32
                0x10005054       0x58 CMakeFiles/motor.dir/D_/app/519/pico/pico-sdk/lib/tinyusb/src/portable/raspberrypi/rp2040/rp2040_usb.c.obj
                0x10005054                _hw_endpoint_buffer_control_update32
 .text._hw_endpoint_start_next_buffer
                0x100050ac       0x74 CMakeFiles/motor.dir/D_/app/519/pico/pico-sdk/lib/tinyusb/src/portable/raspberrypi/rp2040/rp2040_usb.c.obj
 .text.hw_endpoint_xfer_start
                0x10005120       0x48 CMakeFiles/motor.dir/D_/app/519/pico/pico-sdk/lib/tinyusb/src/portable/raspberrypi/rp2040/rp2040_usb.c.obj
                0x10005120                hw_endpoint_xfer_start
 .text.hw_endpoint_xfer_continue
                0x10005168       0x38 CMakeFiles/motor.dir/D_/app/519/pico/pico-sdk/lib/tinyusb/src/portable/raspberrypi/rp2040/rp2040_usb.c.obj
                0x10005168                hw_endpoint_xfer_continue
 .text.configuration_reset
                0x100051a0       0x84 CMakeFiles/motor.dir/D_/app/519/pico/pico-sdk/lib/tinyusb/src/device/usbd.c.obj
 .text.osal_queue_receive
                0x10005224       0x30 CMakeFiles/motor.dir/D_/app/519/pico/pico-sdk/lib/tinyusb/src/device/usbd.c.obj
 .text.usbd_reset
                0x10005254        0xc CMakeFiles/motor.dir/D_/app/519/pico/pico-sdk/lib/tinyusb/src/device/usbd.c.obj
 .text.invoke_class_control
                0x10005260       0x1a CMakeFiles/motor.dir/D_/app/519/pico/pico-sdk/lib/tinyusb/src/device/usbd.c.obj
 *fill*         0x1000527a        0x2 
 .text.process_set_config
                0x1000527c      0x1b0 CMakeFiles/motor.dir/D_/app/519/pico/pico-sdk/lib/tinyusb/src/device/usbd.c.obj
 .text.process_get_descriptor
                0x1000542c       0xec CMakeFiles/motor.dir/D_/app/519/pico/pico-sdk/lib/tinyusb/src/device/usbd.c.obj
 .text.osal_queue_send
                0x10005518       0x4c CMakeFiles/motor.dir/D_/app/519/pico/pico-sdk/lib/tinyusb/src/device/usbd.c.obj
 .text.tud_mounted
                0x10005564       0x10 CMakeFiles/motor.dir/D_/app/519/pico/pico-sdk/lib/tinyusb/src/device/usbd.c.obj
                0x10005564                tud_mounted
 .text.tud_suspended
                0x10005574       0x10 CMakeFiles/motor.dir/D_/app/519/pico/pico-sdk/lib/tinyusb/src/device/usbd.c.obj
                0x10005574                tud_suspended
 .text.tud_inited
                0x10005584        0xc CMakeFiles/motor.dir/D_/app/519/pico/pico-sdk/lib/tinyusb/src/device/usbd.c.obj
                0x10005584                tud_inited
 .text.tud_init
                0x10005590       0xcc CMakeFiles/motor.dir/D_/app/519/pico/pico-sdk/lib/tinyusb/src/device/usbd.c.obj
                0x10005590                tud_init
 .text.dcd_event_handler
                0x1000565c       0xd4 CMakeFiles/motor.dir/D_/app/519/pico/pico-sdk/lib/tinyusb/src/device/usbd.c.obj
                0x1000565c                dcd_event_handler
 .text.dcd_event_bus_signal
                0x10005730       0x26 CMakeFiles/motor.dir/D_/app/519/pico/pico-sdk/lib/tinyusb/src/device/usbd.c.obj
                0x10005730                dcd_event_bus_signal
 .text.dcd_event_bus_reset
                0x10005756       0x2a CMakeFiles/motor.dir/D_/app/519/pico/pico-sdk/lib/tinyusb/src/device/usbd.c.obj
                0x10005756                dcd_event_bus_reset
 .text.dcd_event_setup_received
                0x10005780       0x34 CMakeFiles/motor.dir/D_/app/519/pico/pico-sdk/lib/tinyusb/src/device/usbd.c.obj
                0x10005780                dcd_event_setup_received
 .text.dcd_event_xfer_complete
                0x100057b4       0x44 CMakeFiles/motor.dir/D_/app/519/pico/pico-sdk/lib/tinyusb/src/device/usbd.c.obj
                0x100057b4                dcd_event_xfer_complete
 .text.usbd_edpt_open
                0x100057f8       0x58 CMakeFiles/motor.dir/D_/app/519/pico/pico-sdk/lib/tinyusb/src/device/usbd.c.obj
                0x100057f8                usbd_edpt_open
 .text.usbd_open_edpt_pair
                0x10005850       0x8c CMakeFiles/motor.dir/D_/app/519/pico/pico-sdk/lib/tinyusb/src/device/usbd.c.obj
                0x10005850                usbd_open_edpt_pair
 .text.usbd_edpt_claim
                0x100058dc       0x8c CMakeFiles/motor.dir/D_/app/519/pico/pico-sdk/lib/tinyusb/src/device/usbd.c.obj
                0x100058dc                usbd_edpt_claim
 .text.usbd_edpt_release
                0x10005968       0x60 CMakeFiles/motor.dir/D_/app/519/pico/pico-sdk/lib/tinyusb/src/device/usbd.c.obj
                0x10005968                usbd_edpt_release
 .text.usbd_edpt_xfer
                0x100059c8       0x80 CMakeFiles/motor.dir/D_/app/519/pico/pico-sdk/lib/tinyusb/src/device/usbd.c.obj
                0x100059c8                usbd_edpt_xfer
 .text.usbd_edpt_stall
                0x10005a48       0x40 CMakeFiles/motor.dir/D_/app/519/pico/pico-sdk/lib/tinyusb/src/device/usbd.c.obj
                0x10005a48                usbd_edpt_stall
 .text.usbd_edpt_clear_stall
                0x10005a88       0x40 CMakeFiles/motor.dir/D_/app/519/pico/pico-sdk/lib/tinyusb/src/device/usbd.c.obj
                0x10005a88                usbd_edpt_clear_stall
 .text.usbd_edpt_stalled
                0x10005ac8       0x1c CMakeFiles/motor.dir/D_/app/519/pico/pico-sdk/lib/tinyusb/src/device/usbd.c.obj
                0x10005ac8                usbd_edpt_stalled
 .text.process_control_request
                0x10005ae4      0x3b0 CMakeFiles/motor.dir/D_/app/519/pico/pico-sdk/lib/tinyusb/src/device/usbd.c.obj
 .text.tud_task
                0x10005e94      0x1f0 CMakeFiles/motor.dir/D_/app/519/pico/pico-sdk/lib/tinyusb/src/device/usbd.c.obj
                0x10005e94                tud_task
 .text._status_stage_xact
                0x10006084       0x1a CMakeFiles/motor.dir/D_/app/519/pico/pico-sdk/lib/tinyusb/src/device/usbd_control.c.obj
 *fill*         0x1000609e        0x2 
 .text._data_stage_xact
                0x100060a0       0x58 CMakeFiles/motor.dir/D_/app/519/pico/pico-sdk/lib/tinyusb/src/device/usbd_control.c.obj
 .text.tud_control_status
                0x100060f8       0x28 CMakeFiles/motor.dir/D_/app/519/pico/pico-sdk/lib/tinyusb/src/device/usbd_control.c.obj
                0x100060f8                tud_control_status
 .text.tud_control_xfer
                0x10006120       0x98 CMakeFiles/motor.dir/D_/app/519/pico/pico-sdk/lib/tinyusb/src/device/usbd_control.c.obj
                0x10006120                tud_control_xfer
 .text.usbd_control_reset
                0x100061b8       0x14 CMakeFiles/motor.dir/D_/app/519/pico/pico-sdk/lib/tinyusb/src/device/usbd_control.c.obj
                0x100061b8                usbd_control_reset
 .text.usbd_control_set_complete_callback
                0x100061cc        0xc CMakeFiles/motor.dir/D_/app/519/pico/pico-sdk/lib/tinyusb/src/device/usbd_control.c.obj
                0x100061cc                usbd_control_set_complete_callback
 .text.usbd_control_set_request
                0x100061d8       0x1c CMakeFiles/motor.dir/D_/app/519/pico/pico-sdk/lib/tinyusb/src/device/usbd_control.c.obj
                0x100061d8                usbd_control_set_request
 .text.usbd_control_xfer_cb
                0x100061f4       0xe8 CMakeFiles/motor.dir/D_/app/519/pico/pico-sdk/lib/tinyusb/src/device/usbd_control.c.obj
                0x100061f4                usbd_control_xfer_cb
 .text._prep_out_transaction
                0x100062dc       0x46 CMakeFiles/motor.dir/D_/app/519/pico/pico-sdk/lib/tinyusb/src/class/cdc/cdc_device.c.obj
 *fill*         0x10006322        0x2 
 .text.tud_cdc_n_connected
                0x10006324       0x38 CMakeFiles/motor.dir/D_/app/519/pico/pico-sdk/lib/tinyusb/src/class/cdc/cdc_device.c.obj
                0x10006324                tud_cdc_n_connected
 .text.tud_cdc_n_available
                0x1000635c       0x18 CMakeFiles/motor.dir/D_/app/519/pico/pico-sdk/lib/tinyusb/src/class/cdc/cdc_device.c.obj
                0x1000635c                tud_cdc_n_available
 .text.tud_cdc_n_read
                0x10006374       0x28 CMakeFiles/motor.dir/D_/app/519/pico/pico-sdk/lib/tinyusb/src/class/cdc/cdc_device.c.obj
                0x10006374                tud_cdc_n_read
 .text.tud_cdc_n_write_flush
                0x1000639c       0xcc CMakeFiles/motor.dir/D_/app/519/pico/pico-sdk/lib/tinyusb/src/class/cdc/cdc_device.c.obj
                0x1000639c                tud_cdc_n_write_flush
 .text.tud_cdc_n_write
                0x10006468       0x38 CMakeFiles/motor.dir/D_/app/519/pico/pico-sdk/lib/tinyusb/src/class/cdc/cdc_device.c.obj
                0x10006468                tud_cdc_n_write
 .text.tud_cdc_n_write_available
                0x100064a0       0x1c CMakeFiles/motor.dir/D_/app/519/pico/pico-sdk/lib/tinyusb/src/class/cdc/cdc_device.c.obj
                0x100064a0                tud_cdc_n_write_available
 .text.cdcd_init
                0x100064bc       0xbc CMakeFiles/motor.dir/D_/app/519/pico/pico-sdk/lib/tinyusb/src/class/cdc/cdc_device.c.obj
                0x100064bc                cdcd_init
 .text.cdcd_reset
                0x10006578       0x44 CMakeFiles/motor.dir/D_/app/519/pico/pico-sdk/lib/tinyusb/src/class/cdc/cdc_device.c.obj
                0x10006578                cdcd_reset
 .text.cdcd_open
                0x100065bc       0xf0 CMakeFiles/motor.dir/D_/app/519/pico/pico-sdk/lib/tinyusb/src/class/cdc/cdc_device.c.obj
                0x100065bc                cdcd_open
 .text.cdcd_control_xfer_cb
                0x100066ac      0x134 CMakeFiles/motor.dir/D_/app/519/pico/pico-sdk/lib/tinyusb/src/class/cdc/cdc_device.c.obj
                0x100066ac                cdcd_control_xfer_cb
 .text.cdcd_xfer_cb
                0x100067e0      0x144 CMakeFiles/motor.dir/D_/app/519/pico/pico-sdk/lib/tinyusb/src/class/cdc/cdc_device.c.obj
                0x100067e0                cdcd_xfer_cb
 .text.tusb_init
                0x10006924       0x24 CMakeFiles/motor.dir/D_/app/519/pico/pico-sdk/lib/tinyusb/src/tusb.c.obj
                0x10006924                tusb_init
 .text.tusb_inited
                0x10006948        0xe CMakeFiles/motor.dir/D_/app/519/pico/pico-sdk/lib/tinyusb/src/tusb.c.obj
                0x10006948                tusb_inited
 *fill*         0x10006956        0x2 
 .text.tu_edpt_validate
                0x10006958       0xa8 CMakeFiles/motor.dir/D_/app/519/pico/pico-sdk/lib/tinyusb/src/tusb.c.obj
                0x10006958                tu_edpt_validate
 .text.tu_edpt_bind_driver
                0x10006a00       0x2a CMakeFiles/motor.dir/D_/app/519/pico/pico-sdk/lib/tinyusb/src/tusb.c.obj
                0x10006a00                tu_edpt_bind_driver
 .text.advance_pointer
                0x10006a2a       0x18 CMakeFiles/motor.dir/D_/app/519/pico/pico-sdk/lib/tinyusb/src/common/tusb_fifo.c.obj
 .text.backward_pointer
                0x10006a42       0x1e CMakeFiles/motor.dir/D_/app/519/pico/pico-sdk/lib/tinyusb/src/common/tusb_fifo.c.obj
 .text.get_relative_pointer
                0x10006a60       0x10 CMakeFiles/motor.dir/D_/app/519/pico/pico-sdk/lib/tinyusb/src/common/tusb_fifo.c.obj
 .text._tu_fifo_peek
                0x10006a70       0x50 CMakeFiles/motor.dir/D_/app/519/pico/pico-sdk/lib/tinyusb/src/common/tusb_fifo.c.obj
 .text._ff_pull_const_addr
                0x10006ac0       0x4c CMakeFiles/motor.dir/D_/app/519/pico/pico-sdk/lib/tinyusb/src/common/tusb_fifo.c.obj
 .text._ff_pull_n
                0x10006b0c      0x10c CMakeFiles/motor.dir/D_/app/519/pico/pico-sdk/lib/tinyusb/src/common/tusb_fifo.c.obj
 .text._tu_fifo_peek_n
                0x10006c18       0x5e CMakeFiles/motor.dir/D_/app/519/pico/pico-sdk/lib/tinyusb/src/common/tusb_fifo.c.obj
 .text._tu_fifo_read_n
                0x10006c76       0x4e CMakeFiles/motor.dir/D_/app/519/pico/pico-sdk/lib/tinyusb/src/common/tusb_fifo.c.obj
 .text._ff_push_const_addr
                0x10006cc4       0x40 CMakeFiles/motor.dir/D_/app/519/pico/pico-sdk/lib/tinyusb/src/common/tusb_fifo.c.obj
 .text._ff_push_n
                0x10006d04      0x108 CMakeFiles/motor.dir/D_/app/519/pico/pico-sdk/lib/tinyusb/src/common/tusb_fifo.c.obj
 .text._tu_fifo_write_n
                0x10006e0c       0x9e CMakeFiles/motor.dir/D_/app/519/pico/pico-sdk/lib/tinyusb/src/common/tusb_fifo.c.obj
 .text.tu_fifo_config
                0x10006eaa       0x72 CMakeFiles/motor.dir/D_/app/519/pico/pico-sdk/lib/tinyusb/src/common/tusb_fifo.c.obj
                0x10006eaa                tu_fifo_config
 .text.tu_fifo_count
                0x10006f1c       0x26 CMakeFiles/motor.dir/D_/app/519/pico/pico-sdk/lib/tinyusb/src/common/tusb_fifo.c.obj
                0x10006f1c                tu_fifo_count
 .text.tu_fifo_empty
                0x10006f42        0xe CMakeFiles/motor.dir/D_/app/519/pico/pico-sdk/lib/tinyusb/src/common/tusb_fifo.c.obj
                0x10006f42                tu_fifo_empty
 .text.tu_fifo_remaining
                0x10006f50       0x20 CMakeFiles/motor.dir/D_/app/519/pico/pico-sdk/lib/tinyusb/src/common/tusb_fifo.c.obj
                0x10006f50                tu_fifo_remaining
 .text.tu_fifo_read
                0x10006f70       0x42 CMakeFiles/motor.dir/D_/app/519/pico/pico-sdk/lib/tinyusb/src/common/tusb_fifo.c.obj
                0x10006f70                tu_fifo_read
 .text.tu_fifo_read_n
                0x10006fb2        0xa CMakeFiles/motor.dir/D_/app/519/pico/pico-sdk/lib/tinyusb/src/common/tusb_fifo.c.obj
                0x10006fb2                tu_fifo_read_n
 .text.tu_fifo_write
                0x10006fbc       0x6a CMakeFiles/motor.dir/D_/app/519/pico/pico-sdk/lib/tinyusb/src/common/tusb_fifo.c.obj
                0x10006fbc                tu_fifo_write
 .text.tu_fifo_write_n
                0x10007026        0xa CMakeFiles/motor.dir/D_/app/519/pico/pico-sdk/lib/tinyusb/src/common/tusb_fifo.c.obj
                0x10007026                tu_fifo_write_n
 .text.tu_fifo_clear
                0x10007030       0x4c CMakeFiles/motor.dir/D_/app/519/pico/pico-sdk/lib/tinyusb/src/common/tusb_fifo.c.obj
                0x10007030                tu_fifo_clear
 .text.tu_fifo_set_overwritable
                0x1000707c       0x3c CMakeFiles/motor.dir/D_/app/519/pico/pico-sdk/lib/tinyusb/src/common/tusb_fifo.c.obj
                0x1000707c                tu_fifo_set_overwritable
 .text._retrieve_unique_id_on_boot
                0x100070b8       0x10 CMakeFiles/motor.dir/D_/app/519/pico/pico-sdk/src/rp2_common/pico_unique_id/unique_id.c.obj
 .text.pico_get_unique_board_id_string
                0x100070c8       0x5c CMakeFiles/motor.dir/D_/app/519/pico/pico-sdk/src/rp2_common/pico_unique_id/unique_id.c.obj
                0x100070c8                pico_get_unique_board_id_string
 .text.flash_get_unique_id
                0x10007124       0x46 CMakeFiles/motor.dir/D_/app/519/pico/pico-sdk/src/rp2_common/hardware_flash/flash.c.obj
                0x10007124                flash_get_unique_id
 *fill*         0x1000716a        0x2 
 .text.strlen   0x1000716c       0x5c d:/app/519/1213fb~1.2mp/bin/../lib/gcc/arm-none-eabi/12.2.0/thumb/v6-m/nofp\libg.a(libc_a-strlen-stub.o)
                0x1000716c                strlen
 *(.fini)
 .fini          0x100071c8        0x4 d:/app/519/1213fb~1.2mp/bin/../lib/gcc/arm-none-eabi/12.2.0/thumb/v6-m/nofp/crti.o
                0x100071c8                _fini
 *fill*         0x100071cc        0x4 
 .fini.__stub   0x100071d0       0x70 linker stubs
 *crtbegin.o(.ctors)
 *crtbegin?.o(.ctors)
 *(EXCLUDE_FILE(*crtend.o *crtend?.o) .ctors)
 *(SORT_BY_NAME(.ctors.*))
 *(.ctors)
 *crtbegin.o(.dtors)
 *crtbegin?.o(.dtors)
 *(EXCLUDE_FILE(*crtend.o *crtend?.o) .dtors)
 *(SORT_BY_NAME(.dtors.*))
 *(.dtors)
 *(.eh_frame*)
 .eh_frame      0x10007240        0x0 d:/app/519/1213fb~1.2mp/bin/../lib/gcc/arm-none-eabi/12.2.0/thumb/v6-m/nofp/crtbegin.o
                0x10007240                        . = ALIGN (0x4)

.glue_7         0x10007240        0x0
 .glue_7        0x10007240        0x0 linker stubs

.glue_7t        0x10007240        0x0
 .glue_7t       0x10007240        0x0 linker stubs

.vfp11_veneer   0x10007240        0x0
 .vfp11_veneer  0x10007240        0x0 linker stubs

.v4_bx          0x10007240        0x0
 .v4_bx         0x10007240        0x0 linker stubs

.iplt           0x10007240        0x0
 .iplt          0x10007240        0x0 d:/app/519/1213fb~1.2mp/bin/../lib/gcc/arm-none-eabi/12.2.0/thumb/v6-m/nofp/crtbegin.o

.rodata         0x10007240     0x1664
 *(EXCLUDE_FILE(*libm.a: *libc.a:*lib_a-mem*.o *libgcc.a:) .rodata*)
 .rodata.make_drink.str1.4
                0x10007240        0xe CMakeFiles/motor.dir/motor.c.obj
 *fill*         0x1000724e        0x2 
 .rodata.main.str1.4
                0x10007250        0xf CMakeFiles/motor.dir/motor.c.obj
 *fill*         0x1000725f        0x1 
 .rodata.spin_lock_claim_unused.str1.4
                0x10007260       0x1b CMakeFiles/motor.dir/D_/app/519/pico/pico-sdk/src/rp2_common/hardware_sync/sync.c.obj
 *fill*         0x1000727b        0x1 
 .rodata.resolve_branch.str1.4
                0x1000727c       0x53 CMakeFiles/motor.dir/D_/app/519/pico/pico-sdk/src/rp2_common/hardware_irq/irq.c.obj
 *fill*         0x100072cf        0x1 
 .rodata.make_branch.str1.4
                0x100072d0       0x30 CMakeFiles/motor.dir/D_/app/519/pico/pico-sdk/src/rp2_common/hardware_irq/irq.c.obj
 .rodata.insert_branch_and_link.str1.4
                0x10007300       0x10 CMakeFiles/motor.dir/D_/app/519/pico/pico-sdk/src/rp2_common/hardware_irq/irq.c.obj
 .rodata.irq_set_exclusive_handler.str1.4
                0x10007310       0x36 CMakeFiles/motor.dir/D_/app/519/pico/pico-sdk/src/rp2_common/hardware_irq/irq.c.obj
 *fill*         0x10007346        0x2 
 .rodata.irq_add_shared_handler.str1.4
                0x10007348       0xc2 CMakeFiles/motor.dir/D_/app/519/pico/pico-sdk/src/rp2_common/hardware_irq/irq.c.obj
 *fill*         0x1000740a        0x2 
 .rodata.irq_remove_handler.str1.4
                0x1000740c       0x2a CMakeFiles/motor.dir/D_/app/519/pico/pico-sdk/src/rp2_common/hardware_irq/irq.c.obj
 *fill*         0x10007436        0x2 
 .rodata.irq_add_tail_to_free_list.str1.4
                0x10007438       0x3a CMakeFiles/motor.dir/D_/app/519/pico/pico-sdk/src/rp2_common/hardware_irq/irq.c.obj
 *fill*         0x10007472        0x2 
 .rodata.user_irq_claim_unused.str1.4
                0x10007474       0x1b CMakeFiles/motor.dir/D_/app/519/pico/pico-sdk/src/rp2_common/hardware_irq/irq.c.obj
 *fill*         0x1000748f        0x1 
 .rodata.__func__.0
                0x10007490       0x1a CMakeFiles/motor.dir/D_/app/519/pico/pico-sdk/src/rp2_common/hardware_irq/irq.c.obj
 *fill*         0x100074aa        0x2 
 .rodata.__func__.1
                0x100074ac       0x17 CMakeFiles/motor.dir/D_/app/519/pico/pico-sdk/src/rp2_common/hardware_irq/irq.c.obj
 *fill*         0x100074c3        0x1 
 .rodata.__func__.2
                0x100074c4       0x13 CMakeFiles/motor.dir/D_/app/519/pico/pico-sdk/src/rp2_common/hardware_irq/irq.c.obj
 *fill*         0x100074d7        0x1 
 .rodata.__func__.3
                0x100074d8        0xc CMakeFiles/motor.dir/D_/app/519/pico/pico-sdk/src/rp2_common/hardware_irq/irq.c.obj
 .rodata.__func__.4
                0x100074e4        0xf CMakeFiles/motor.dir/D_/app/519/pico/pico-sdk/src/rp2_common/hardware_irq/irq.c.obj
 *fill*         0x100074f3        0x1 
 .rodata.__func__.5
                0x100074f4       0x17 CMakeFiles/motor.dir/D_/app/519/pico/pico-sdk/src/rp2_common/hardware_irq/irq.c.obj
 *fill*         0x1000750b        0x1 
 .rodata.__func__.6
                0x1000750c       0x1a CMakeFiles/motor.dir/D_/app/519/pico/pico-sdk/src/rp2_common/hardware_irq/irq.c.obj
 *fill*         0x10007526        0x2 
 .rodata.get_entry.str1.4
                0x10007528       0x59 CMakeFiles/motor.dir/D_/app/519/pico/pico-sdk/src/common/pico_time/time.c.obj
 *fill*         0x10007581        0x3 
 .rodata.update_us_since_boot.str1.4
                0x10007584       0x5f CMakeFiles/motor.dir/D_/app/519/pico/pico-sdk/src/common/pico_time/time.c.obj
 *fill*         0x100075e3        0x1 
 .rodata.ph_get_node.str1.4
                0x100075e4       0x64 CMakeFiles/motor.dir/D_/app/519/pico/pico-sdk/src/common/pico_time/time.c.obj
 .rodata.ph_add_child_node.str1.4
                0x10007648       0x2e CMakeFiles/motor.dir/D_/app/519/pico/pico-sdk/src/common/pico_time/time.c.obj
 *fill*         0x10007676        0x2 
 .rodata.ph_insert_node.str1.4
                0x10007678        0x3 CMakeFiles/motor.dir/D_/app/519/pico/pico-sdk/src/common/pico_time/time.c.obj
 *fill*         0x1000767b        0x1 
 .rodata.ph_free_node.str1.4
                0x1000767c       0x22 CMakeFiles/motor.dir/D_/app/519/pico/pico-sdk/src/common/pico_time/time.c.obj
 *fill*         0x1000769e        0x2 
 .rodata.add_alarm_under_lock.str1.4
                0x100076a0       0x28 CMakeFiles/motor.dir/D_/app/519/pico/pico-sdk/src/common/pico_time/time.c.obj
 .rodata.alarm_pool_alarm_callback.str1.4
                0x100076c8       0x60 CMakeFiles/motor.dir/D_/app/519/pico/pico-sdk/src/common/pico_time/time.c.obj
 .rodata.alarm_pool_get_default.str1.4
                0x10007728       0x21 CMakeFiles/motor.dir/D_/app/519/pico/pico-sdk/src/common/pico_time/time.c.obj
 *fill*         0x10007749        0x3 
 .rodata.alarm_pool_cancel_alarm.str1.4
                0x1000774c       0x27 CMakeFiles/motor.dir/D_/app/519/pico/pico-sdk/src/common/pico_time/time.c.obj
 *fill*         0x10007773        0x1 
 .rodata.sleep_until.str1.4
                0x10007774       0x4d CMakeFiles/motor.dir/D_/app/519/pico/pico-sdk/src/common/pico_time/time.c.obj
 *fill*         0x100077c1        0x3 
 .rodata.__func__.1
                0x100077c4       0x18 CMakeFiles/motor.dir/D_/app/519/pico/pico-sdk/src/common/pico_time/time.c.obj
 .rodata.__func__.3
                0x100077dc       0x17 CMakeFiles/motor.dir/D_/app/519/pico/pico-sdk/src/common/pico_time/time.c.obj
 *fill*         0x100077f3        0x1 
 .rodata.__func__.4
                0x100077f4       0x12 CMakeFiles/motor.dir/D_/app/519/pico/pico-sdk/src/common/pico_time/time.c.obj
 *fill*         0x10007806        0x2 
 .rodata.__func__.5
                0x10007808        0xd CMakeFiles/motor.dir/D_/app/519/pico/pico-sdk/src/common/pico_time/time.c.obj
 *fill*         0x10007815        0x3 
 .rodata.__func__.6
                0x10007818       0x12 CMakeFiles/motor.dir/D_/app/519/pico/pico-sdk/src/common/pico_time/time.c.obj
 *fill*         0x1000782a        0x2 
 .rodata.__func__.7
                0x1000782c        0xf CMakeFiles/motor.dir/D_/app/519/pico/pico-sdk/src/common/pico_time/time.c.obj
 *fill*         0x1000783b        0x1 
 .rodata.__func__.8
                0x1000783c        0xc CMakeFiles/motor.dir/D_/app/519/pico/pico-sdk/src/common/pico_time/time.c.obj
 .rodata.__func__.9
                0x10007848       0x15 CMakeFiles/motor.dir/D_/app/519/pico/pico-sdk/src/common/pico_time/time.c.obj
 *fill*         0x1000785d        0x3 
 .rodata.__func__.10
                0x10007860       0x15 CMakeFiles/motor.dir/D_/app/519/pico/pico-sdk/src/common/pico_time/time.c.obj
 *fill*         0x10007875        0x3 
 .rodata.__func__.11
                0x10007878       0x1a CMakeFiles/motor.dir/D_/app/519/pico/pico-sdk/src/common/pico_time/time.c.obj
 *fill*         0x10007892        0x2 
 .rodata.__func__.12
                0x10007894        0xa CMakeFiles/motor.dir/D_/app/519/pico/pico-sdk/src/common/pico_time/time.c.obj
 *fill*         0x1000789e        0x2 
 .rodata.hardware_alarm_claim.str1.4
                0x100078a0       0x22 CMakeFiles/motor.dir/D_/app/519/pico/pico-sdk/src/rp2_common/hardware_timer/timer.c.obj
 *fill*         0x100078c2        0x2 
 .rodata.hardware_alarm_set_target.str1.4
                0x100078c4       0x63 CMakeFiles/motor.dir/D_/app/519/pico/pico-sdk/src/rp2_common/hardware_timer/timer.c.obj
 *fill*         0x10007927        0x1 
 .rodata.__func__.0
                0x10007928       0x1a CMakeFiles/motor.dir/D_/app/519/pico/pico-sdk/src/rp2_common/hardware_timer/timer.c.obj
 .rodata.ph_get_node.str1.4
                0x10007942       0x64 CMakeFiles/motor.dir/D_/app/519/pico/pico-sdk/src/common/pico_util/pheap.c.obj
 .rodata.ph_add_child_node.str1.4
                0x10007942       0x2e CMakeFiles/motor.dir/D_/app/519/pico/pico-sdk/src/common/pico_util/pheap.c.obj
 *fill*         0x10007942        0x2 
 .rodata.ph_remove_any_head.str1.4
                0x10007944       0x8c CMakeFiles/motor.dir/D_/app/519/pico/pico-sdk/src/common/pico_util/pheap.c.obj
 .rodata.ph_remove_and_free_node.str1.4
                0x100079d0       0x1e CMakeFiles/motor.dir/D_/app/519/pico/pico-sdk/src/common/pico_util/pheap.c.obj
                                 0x26 (size before relaxing)
 *fill*         0x100079ee        0x2 
 .rodata.__func__.0
                0x100079f0       0x18 CMakeFiles/motor.dir/D_/app/519/pico/pico-sdk/src/common/pico_util/pheap.c.obj
 .rodata.__func__.1
                0x10007a08       0x13 CMakeFiles/motor.dir/D_/app/519/pico/pico-sdk/src/common/pico_util/pheap.c.obj
 *fill*         0x10007a1b        0x1 
 .rodata.__func__.2
                0x10007a1c       0x12 CMakeFiles/motor.dir/D_/app/519/pico/pico-sdk/src/common/pico_util/pheap.c.obj
 *fill*         0x10007a2e        0x2 
 .rodata.__func__.3
                0x10007a30        0xc CMakeFiles/motor.dir/D_/app/519/pico/pico-sdk/src/common/pico_util/pheap.c.obj
 .rodata.update_us_since_boot.str1.4
                0x10007a3c       0x5f CMakeFiles/motor.dir/D_/app/519/pico/pico-sdk/src/common/pico_sync/mutex.c.obj
 .rodata.str1.4
                0x10007a3c       0x89 CMakeFiles/motor.dir/D_/app/519/pico/pico-sdk/src/common/pico_sync/mutex.c.obj
 *fill*         0x10007ac5        0x3 
 .rodata.__func__.1
                0x10007ac8        0xb CMakeFiles/motor.dir/D_/app/519/pico/pico-sdk/src/common/pico_sync/mutex.c.obj
 *fill*         0x10007ad3        0x1 
 .rodata.__func__.3
                0x10007ad4       0x18 CMakeFiles/motor.dir/D_/app/519/pico/pico-sdk/src/common/pico_sync/mutex.c.obj
 .rodata.__func__.4
                0x10007aec       0x15 CMakeFiles/motor.dir/D_/app/519/pico/pico-sdk/src/common/pico_sync/mutex.c.obj
 *fill*         0x10007b01        0x3 
 .rodata.__assert_func.str1.4
                0x10007b04       0x3f CMakeFiles/motor.dir/D_/app/519/pico/pico-sdk/src/rp2_common/pico_runtime/runtime.c.obj
                                 0x43 (size before relaxing)
 *fill*         0x10007b43        0x1 
 .rodata.runtime_init.str1.4
                0x10007b44       0x5f CMakeFiles/motor.dir/D_/app/519/pico/pico-sdk/src/rp2_common/pico_runtime/runtime.c.obj
 *fill*         0x10007ba3        0x1 
 .rodata.panic.str1.4
                0x10007ba4       0x10 CMakeFiles/motor.dir/D_/app/519/pico/pico-sdk/src/rp2_common/pico_runtime/runtime.c.obj
                                 0x12 (size before relaxing)
 .rodata.__func__.1
                0x10007bb4        0xd CMakeFiles/motor.dir/D_/app/519/pico/pico-sdk/src/rp2_common/pico_runtime/runtime.c.obj
 *fill*         0x10007bc1        0x3 
 .rodata.clock_configure.str1.4
                0x10007bc4       0x55 CMakeFiles/motor.dir/D_/app/519/pico/pico-sdk/src/rp2_common/hardware_clocks/clocks.c.obj
 *fill*         0x10007c19        0x3 
 .rodata.__func__.1
                0x10007c1c       0x10 CMakeFiles/motor.dir/D_/app/519/pico/pico-sdk/src/rp2_common/hardware_clocks/clocks.c.obj
 .rodata.pll_init.str1.4
                0x10007c2c      0x137 CMakeFiles/motor.dir/D_/app/519/pico/pico-sdk/src/rp2_common/hardware_pll/pll.c.obj
 *fill*         0x10007d63        0x1 
 .rodata.__func__.0
                0x10007d64        0x9 CMakeFiles/motor.dir/D_/app/519/pico/pico-sdk/src/rp2_common/hardware_pll/pll.c.obj
 *fill*         0x10007d6d        0x3 
 .rodata._ftoa.str1.4
                0x10007d70       0x15 CMakeFiles/motor.dir/D_/app/519/pico/pico-sdk/src/rp2_common/pico_printf/printf.c.obj
 *fill*         0x10007d85        0x3 
 .rodata._vsnprintf
                0x10007d88      0x19c CMakeFiles/motor.dir/D_/app/519/pico/pico-sdk/src/rp2_common/pico_printf/printf.c.obj
 *fill*         0x10007f24        0x4 
 .rodata.pow10.0
                0x10007f28       0x50 CMakeFiles/motor.dir/D_/app/519/pico/pico-sdk/src/rp2_common/pico_printf/printf.c.obj
 .rodata.__aeabi_double_init.str1.4
                0x10007f78       0xa6 CMakeFiles/motor.dir/D_/app/519/pico/pico-sdk/src/rp2_common/pico_double/double_init_rom.c.obj
 *fill*         0x1000801e        0x2 
 .rodata.__func__.0
                0x10008020       0x14 CMakeFiles/motor.dir/D_/app/519/pico/pico-sdk/src/rp2_common/pico_double/double_init_rom.c.obj
 .rodata.__aeabi_float_init.str1.4
                0x10008034       0x78 CMakeFiles/motor.dir/D_/app/519/pico/pico-sdk/src/rp2_common/pico_float/float_init_rom.c.obj
                                 0x7c (size before relaxing)
 .rodata.__func__.0
                0x100080ac       0x13 CMakeFiles/motor.dir/D_/app/519/pico/pico-sdk/src/rp2_common/pico_float/float_init_rom.c.obj
 *fill*         0x100080bf        0x1 
 .rodata.str1.4
                0x100080c0       0x3c CMakeFiles/motor.dir/D_/app/519/pico/pico-sdk/src/rp2_common/pico_standard_link/binary_info.c.obj
 .rodata.__bi_81
                0x100080fc        0xc CMakeFiles/motor.dir/D_/app/519/pico/pico-sdk/src/rp2_common/pico_standard_link/binary_info.c.obj
 .rodata.__bi_75
                0x10008108        0xc CMakeFiles/motor.dir/D_/app/519/pico/pico-sdk/src/rp2_common/pico_standard_link/binary_info.c.obj
 .rodata.__bi_44
                0x10008114        0xc CMakeFiles/motor.dir/D_/app/519/pico/pico-sdk/src/rp2_common/pico_standard_link/binary_info.c.obj
 .rodata.crlf_str.3
                0x10008120        0x2 CMakeFiles/motor.dir/D_/app/519/pico/pico-sdk/src/rp2_common/pico_stdio/stdio.c.obj
 *fill*         0x10008122        0x2 
 .rodata._resetd_driver
                0x10008124       0x18 CMakeFiles/motor.dir/D_/app/519/pico/pico-sdk/src/rp2_common/pico_stdio_usb/reset_interface.c.obj
 .rodata.update_us_since_boot.str1.4
                0x1000813c       0x5f CMakeFiles/motor.dir/D_/app/519/pico/pico-sdk/src/rp2_common/pico_stdio_usb/stdio_usb.c.obj
 .rodata.timer_task.str1.4
                0x1000813c       0x6b CMakeFiles/motor.dir/D_/app/519/pico/pico-sdk/src/rp2_common/pico_stdio_usb/stdio_usb.c.obj
 *fill*         0x100081a7        0x1 
 .rodata.__func__.0
                0x100081a8       0x15 CMakeFiles/motor.dir/D_/app/519/pico/pico-sdk/src/rp2_common/pico_stdio_usb/stdio_usb.c.obj
 *fill*         0x100081bd        0x3 
 .rodata.__func__.1
                0x100081c0        0xb CMakeFiles/motor.dir/D_/app/519/pico/pico-sdk/src/rp2_common/pico_stdio_usb/stdio_usb.c.obj
 *fill*         0x100081cb        0x1 
 .rodata.str1.4
                0x100081cc       0x13 CMakeFiles/motor.dir/D_/app/519/pico/pico-sdk/src/rp2_common/pico_stdio_usb/stdio_usb.c.obj
 *fill*         0x100081df        0x1 
 .rodata.__bi_118.2
                0x100081e0        0xc CMakeFiles/motor.dir/D_/app/519/pico/pico-sdk/src/rp2_common/pico_stdio_usb/stdio_usb.c.obj
 .rodata.str1.4
                0x100081ec       0x2a CMakeFiles/motor.dir/D_/app/519/pico/pico-sdk/src/rp2_common/pico_stdio_usb/stdio_usb_descriptors.c.obj
 *fill*         0x10008216        0x2 
 .rodata.usbd_desc_str
                0x10008218       0x18 CMakeFiles/motor.dir/D_/app/519/pico/pico-sdk/src/rp2_common/pico_stdio_usb/stdio_usb_descriptors.c.obj
 .rodata.usbd_desc_cfg
                0x10008230       0x54 CMakeFiles/motor.dir/D_/app/519/pico/pico-sdk/src/rp2_common/pico_stdio_usb/stdio_usb_descriptors.c.obj
 .rodata.usbd_desc_device
                0x10008284       0x12 CMakeFiles/motor.dir/D_/app/519/pico/pico-sdk/src/rp2_common/pico_stdio_usb/stdio_usb_descriptors.c.obj
 *fill*         0x10008296        0x2 
 .rodata._hw_endpoint_alloc.str1.4
                0x10008298       0xb5 CMakeFiles/motor.dir/D_/app/519/pico/pico-sdk/lib/tinyusb/src/portable/raspberrypi/rp2040/dcd_rp2040.c.obj
 *fill*         0x1000834d        0x3 
 .rodata.dcd_rp2040_irq.str1.4
                0x10008350       0x14 CMakeFiles/motor.dir/D_/app/519/pico/pico-sdk/lib/tinyusb/src/portable/raspberrypi/rp2040/dcd_rp2040.c.obj
 .rodata.dcd_int_enable.str1.4
                0x10008364        0xc CMakeFiles/motor.dir/D_/app/519/pico/pico-sdk/lib/tinyusb/src/portable/raspberrypi/rp2040/dcd_rp2040.c.obj
 .rodata.__func__.0
                0x10008370        0xe CMakeFiles/motor.dir/D_/app/519/pico/pico-sdk/lib/tinyusb/src/portable/raspberrypi/rp2040/dcd_rp2040.c.obj
 *fill*         0x1000837e        0x2 
 .rodata.__func__.1
                0x10008380        0xe CMakeFiles/motor.dir/D_/app/519/pico/pico-sdk/lib/tinyusb/src/portable/raspberrypi/rp2040/dcd_rp2040.c.obj
 *fill*         0x1000838e        0x2 
 .rodata.__func__.3
                0x10008390       0x10 CMakeFiles/motor.dir/D_/app/519/pico/pico-sdk/lib/tinyusb/src/portable/raspberrypi/rp2040/dcd_rp2040.c.obj
 .rodata.__func__.5
                0x100083a0        0xf CMakeFiles/motor.dir/D_/app/519/pico/pico-sdk/lib/tinyusb/src/portable/raspberrypi/rp2040/dcd_rp2040.c.obj
 *fill*         0x100083af        0x1 
 .rodata.__func__.6
                0x100083b0       0x13 CMakeFiles/motor.dir/D_/app/519/pico/pico-sdk/lib/tinyusb/src/portable/raspberrypi/rp2040/dcd_rp2040.c.obj
 *fill*         0x100083c3        0x1 
 .rodata.__func__.7
                0x100083c4        0x9 CMakeFiles/motor.dir/D_/app/519/pico/pico-sdk/lib/tinyusb/src/portable/raspberrypi/rp2040/dcd_rp2040.c.obj
 *fill*         0x100083cd        0x3 
 .rodata.sync_ep_buffer.str1.4
                0x100083d0       0x91 CMakeFiles/motor.dir/D_/app/519/pico/pico-sdk/lib/tinyusb/src/portable/raspberrypi/rp2040/rp2040_usb.c.obj
 *fill*         0x10008461        0x3 
 .rodata._hw_endpoint_buffer_control_update32.str1.4
                0x10008464       0x1f CMakeFiles/motor.dir/D_/app/519/pico/pico-sdk/lib/tinyusb/src/portable/raspberrypi/rp2040/rp2040_usb.c.obj
 *fill*         0x10008483        0x1 
 .rodata.hw_endpoint_xfer_start.str1.4
                0x10008484       0x38 CMakeFiles/motor.dir/D_/app/519/pico/pico-sdk/lib/tinyusb/src/portable/raspberrypi/rp2040/rp2040_usb.c.obj
 .rodata.hw_endpoint_xfer_continue.str1.4
                0x100084bc       0x29 CMakeFiles/motor.dir/D_/app/519/pico/pico-sdk/lib/tinyusb/src/portable/raspberrypi/rp2040/rp2040_usb.c.obj
 *fill*         0x100084e5        0x3 
 .rodata.__func__.0
                0x100084e8        0xf CMakeFiles/motor.dir/D_/app/519/pico/pico-sdk/lib/tinyusb/src/portable/raspberrypi/rp2040/rp2040_usb.c.obj
 *fill*         0x100084f7        0x1 
 .rodata.str1.4
                0x100084f8        0x7 CMakeFiles/motor.dir/D_/app/519/pico/pico-sdk/lib/tinyusb/src/portable/raspberrypi/rp2040/rp2040_usb.c.obj
 *fill*         0x100084ff        0x1 
 .rodata.process_set_config.str1.4
                0x10008500       0x17 CMakeFiles/motor.dir/D_/app/519/pico/pico-sdk/lib/tinyusb/src/device/usbd.c.obj
 *fill*         0x10008517        0x1 
 .rodata.process_get_descriptor
                0x10008518       0x40 CMakeFiles/motor.dir/D_/app/519/pico/pico-sdk/lib/tinyusb/src/device/usbd.c.obj
 .rodata.process_control_request
                0x10008558       0x28 CMakeFiles/motor.dir/D_/app/519/pico/pico-sdk/lib/tinyusb/src/device/usbd.c.obj
 .rodata.tud_task
                0x10008580       0x24 CMakeFiles/motor.dir/D_/app/519/pico/pico-sdk/lib/tinyusb/src/device/usbd.c.obj
 .rodata.__func__.2
                0x100085a4        0xf CMakeFiles/motor.dir/D_/app/519/pico/pico-sdk/lib/tinyusb/src/device/usbd.c.obj
 *fill*         0x100085b3        0x1 
 .rodata.__func__.3
                0x100085b4        0xf CMakeFiles/motor.dir/D_/app/519/pico/pico-sdk/lib/tinyusb/src/device/usbd.c.obj
 *fill*         0x100085c3        0x1 
 .rodata.__func__.4
                0x100085c4       0x14 CMakeFiles/motor.dir/D_/app/519/pico/pico-sdk/lib/tinyusb/src/device/usbd.c.obj
 .rodata.__func__.5
                0x100085d8       0x10 CMakeFiles/motor.dir/D_/app/519/pico/pico-sdk/lib/tinyusb/src/device/usbd.c.obj
 .rodata.__func__.6
                0x100085e8       0x17 CMakeFiles/motor.dir/D_/app/519/pico/pico-sdk/lib/tinyusb/src/device/usbd.c.obj
 *fill*         0x100085ff        0x1 
 .rodata.__func__.7
                0x10008600       0x13 CMakeFiles/motor.dir/D_/app/519/pico/pico-sdk/lib/tinyusb/src/device/usbd.c.obj
 *fill*         0x10008613        0x1 
 .rodata.__func__.8
                0x10008614       0x18 CMakeFiles/motor.dir/D_/app/519/pico/pico-sdk/lib/tinyusb/src/device/usbd.c.obj
 .rodata.__func__.9
                0x1000862c        0x9 CMakeFiles/motor.dir/D_/app/519/pico/pico-sdk/lib/tinyusb/src/device/usbd.c.obj
 *fill*         0x10008635        0x3 
 .rodata._usbd_driver
                0x10008638       0x18 CMakeFiles/motor.dir/D_/app/519/pico/pico-sdk/lib/tinyusb/src/device/usbd.c.obj
 .rodata.tud_control_xfer.str1.4
                0x10008650       0x17 CMakeFiles/motor.dir/D_/app/519/pico/pico-sdk/lib/tinyusb/src/device/usbd_control.c.obj
 .rodata.__func__.0
                0x10008650       0x15 CMakeFiles/motor.dir/D_/app/519/pico/pico-sdk/lib/tinyusb/src/device/usbd_control.c.obj
 *fill*         0x10008665        0x3 
 .rodata.__func__.1
                0x10008668       0x11 CMakeFiles/motor.dir/D_/app/519/pico/pico-sdk/lib/tinyusb/src/device/usbd_control.c.obj
 .rodata.tud_cdc_n_write_flush.str1.4
                0x10008679       0x17 CMakeFiles/motor.dir/D_/app/519/pico/pico-sdk/lib/tinyusb/src/class/cdc/cdc_device.c.obj
 *fill*         0x10008679        0x3 
 .rodata.__func__.0
                0x1000867c        0xd CMakeFiles/motor.dir/D_/app/519/pico/pico-sdk/lib/tinyusb/src/class/cdc/cdc_device.c.obj
 *fill*         0x10008689        0x3 
 .rodata.__func__.1
                0x1000868c        0xa CMakeFiles/motor.dir/D_/app/519/pico/pico-sdk/lib/tinyusb/src/class/cdc/cdc_device.c.obj
 *fill*         0x10008696        0x2 
 .rodata.__func__.2
                0x10008698       0x16 CMakeFiles/motor.dir/D_/app/519/pico/pico-sdk/lib/tinyusb/src/class/cdc/cdc_device.c.obj
 .rodata.tusb_init.str1.4
                0x100086ae       0x17 CMakeFiles/motor.dir/D_/app/519/pico/pico-sdk/lib/tinyusb/src/tusb.c.obj
 *fill*         0x100086ae        0x2 
 .rodata.__func__.0
                0x100086b0       0x11 CMakeFiles/motor.dir/D_/app/519/pico/pico-sdk/lib/tinyusb/src/tusb.c.obj
 *fill*         0x100086c1        0x3 
 .rodata.__func__.1
                0x100086c4        0xa CMakeFiles/motor.dir/D_/app/519/pico/pico-sdk/lib/tinyusb/src/tusb.c.obj
 *fill*         0x100086ce        0x2 
 .rodata.pico_get_unique_board_id_string.str1.4
                0x100086d0       0x4b CMakeFiles/motor.dir/D_/app/519/pico/pico-sdk/src/rp2_common/pico_unique_id/unique_id.c.obj
 *fill*         0x1000871b        0x1 
 .rodata.__func__.0
                0x1000871c       0x20 CMakeFiles/motor.dir/D_/app/519/pico/pico-sdk/src/rp2_common/pico_unique_id/unique_id.c.obj
 .rodata.str1.4
                0x1000873c      0x156 CMakeFiles/motor.dir/D_/app/519/pico/pico-sdk/src/rp2_common/hardware_flash/flash.c.obj
 *fill*         0x10008892        0x2 
 .rodata.__func__.0
                0x10008894        0xd CMakeFiles/motor.dir/D_/app/519/pico/pico-sdk/src/rp2_common/hardware_flash/flash.c.obj
                0x100088a4                        . = ALIGN (0x4)
 *fill*         0x100088a1        0x3 
 *(SORT_BY_ALIGNMENT(SORT_BY_NAME(.flashdata*)))
                0x100088a4                        . = ALIGN (0x4)

.rel.dyn        0x100088a4        0x0
 .rel.iplt      0x100088a4        0x0 d:/app/519/1213fb~1.2mp/bin/../lib/gcc/arm-none-eabi/12.2.0/thumb/v6-m/nofp/crtbegin.o

.ARM.extab
 *(.ARM.extab* .gnu.linkonce.armextab.*)
                0x100088a4                        __exidx_start = .

.ARM.exidx
 *(.ARM.exidx* .gnu.linkonce.armexidx.*)
                0x100088a4                        __exidx_end = .
                0x100088a4                        . = ALIGN (0x4)
                0x100088a4                        __binary_info_start = .

.binary_info    0x100088a4       0x20
 *(.binary_info.keep.*)
 .binary_info.keep.__bi_ptr81
                0x100088a4        0x4 CMakeFiles/motor.dir/D_/app/519/pico/pico-sdk/src/rp2_common/pico_standard_link/binary_info.c.obj
 .binary_info.keep.__bi_ptr75
                0x100088a8        0x4 CMakeFiles/motor.dir/D_/app/519/pico/pico-sdk/src/rp2_common/pico_standard_link/binary_info.c.obj
 .binary_info.keep.__bi_ptr50
                0x100088ac        0x4 CMakeFiles/motor.dir/D_/app/519/pico/pico-sdk/src/rp2_common/pico_standard_link/binary_info.c.obj
 .binary_info.keep.__bi_ptr44
                0x100088b0        0x4 CMakeFiles/motor.dir/D_/app/519/pico/pico-sdk/src/rp2_common/pico_standard_link/binary_info.c.obj
 .binary_info.keep.__bi_ptr38
                0x100088b4        0x4 CMakeFiles/motor.dir/D_/app/519/pico/pico-sdk/src/rp2_common/pico_standard_link/binary_info.c.obj
 .binary_info.keep.__bi_ptr30
                0x100088b8        0x4 CMakeFiles/motor.dir/D_/app/519/pico/pico-sdk/src/rp2_common/pico_standard_link/binary_info.c.obj
 .binary_info.keep.__bi_ptr22
                0x100088bc        0x4 CMakeFiles/motor.dir/D_/app/519/pico/pico-sdk/src/rp2_common/pico_standard_link/binary_info.c.obj
 *(.binary_info.*)
 .binary_info.__bi_ptr118
                0x100088c0        0x4 CMakeFiles/motor.dir/D_/app/519/pico/pico-sdk/src/rp2_common/pico_stdio_usb/stdio_usb.c.obj
                0x100088c4                        __binary_info_end = .
                0x100088c4                        . = ALIGN (0x4)
                0x100088c4                        __etext = .

.ram_vector_table
                0x20000000       0xc0
 *(.ram_vector_table)
 .ram_vector_table
                0x20000000       0xc0 CMakeFiles/motor.dir/D_/app/519/pico/pico-sdk/src/rp2_common/pico_runtime/runtime.c.obj
                0x20000000                ram_vector_table

.data           0x200000c0      0x3f0 load address 0x100088c4
                0x200000c0                        __data_start__ = .
 *(vtable)
 *(.time_critical*)
 .time_critical.mutex_enter_blocking
                0x200000c0       0x48 CMakeFiles/motor.dir/D_/app/519/pico/pico-sdk/src/common/pico_sync/mutex.c.obj
                0x200000c0                mutex_enter_blocking
 .time_critical.mutex_try_enter
                0x20000108       0x46 CMakeFiles/motor.dir/D_/app/519/pico/pico-sdk/src/common/pico_sync/mutex.c.obj
                0x20000108                mutex_try_enter
 *fill*         0x2000014e        0x2 
 .time_critical.mutex_enter_block_until
                0x20000150       0x8c CMakeFiles/motor.dir/D_/app/519/pico/pico-sdk/src/common/pico_sync/mutex.c.obj
                0x20000150                mutex_enter_block_until
 .time_critical.mutex_enter_timeout_ms
                0x200001dc       0x1a CMakeFiles/motor.dir/D_/app/519/pico/pico-sdk/src/common/pico_sync/mutex.c.obj
                0x200001dc                mutex_enter_timeout_ms
 *fill*         0x200001f6        0x2 
 .time_critical.mutex_exit
                0x200001f8       0x4c CMakeFiles/motor.dir/D_/app/519/pico/pico-sdk/src/common/pico_sync/mutex.c.obj
                0x200001f8                mutex_exit
 .time_critical.flash_init_boot2_copyout
                0x20000244       0x30 CMakeFiles/motor.dir/D_/app/519/pico/pico-sdk/src/rp2_common/hardware_flash/flash.c.obj
 .time_critical.flash_enable_xip_via_boot2
                0x20000274        0xc CMakeFiles/motor.dir/D_/app/519/pico/pico-sdk/src/rp2_common/hardware_flash/flash.c.obj
 .time_critical.flash_cs_force
                0x20000280       0x28 CMakeFiles/motor.dir/D_/app/519/pico/pico-sdk/src/rp2_common/hardware_flash/flash.c.obj
 .time_critical.flash_do_cmd
                0x200002a8       0xd8 CMakeFiles/motor.dir/D_/app/519/pico/pico-sdk/src/rp2_common/hardware_flash/flash.c.obj
                0x200002a8                flash_do_cmd
 *(.text*)
 .text          0x20000380        0x4 d:/app/519/1213fb~1.2mp/bin/../lib/gcc/arm-none-eabi/12.2.0/thumb/v6-m/nofp\libgcc.a(_dvmd_tls.o)
                0x20000380                __aeabi_idiv0
                0x20000380                __aeabi_ldiv0
 *fill*         0x20000384        0x4 
 .text.__stub   0x20000388       0x30 linker stubs
                0x200003b8                        . = ALIGN (0x4)
 *(.rodata*)
                0x200003b8                        . = ALIGN (0x4)
 *(.data*)
 .data.striped_spin_lock_num
                0x200003b8        0x1 CMakeFiles/motor.dir/D_/app/519/pico/pico-sdk/src/rp2_common/hardware_sync/sync.c.obj
 *fill*         0x200003b9        0x3 
 .data          0x200003bc       0x48 CMakeFiles/motor.dir/D_/app/519/pico/pico-sdk/src/rp2_common/hardware_irq/irq_handler_chain.S.obj
                0x200003bc                irq_handler_chain_slots
                0x200003ec                irq_handler_chain_first_slot
                0x200003f6                irq_handler_chain_remove_tail
 .data.default_alarm_pool
                0x20000404       0x18 CMakeFiles/motor.dir/D_/app/519/pico/pico-sdk/src/common/pico_time/time.c.obj
 .data.default_alarm_pool_heap
                0x2000041c       0x10 CMakeFiles/motor.dir/D_/app/519/pico/pico-sdk/src/common/pico_time/time.c.obj
 *fill*         0x2000042c        0x4 
 .data.aeabi_bits_funcs
                0x20000430       0x10 CMakeFiles/motor.dir/D_/app/519/pico/pico-sdk/src/rp2_common/pico_bit_ops/bit_ops_aeabi.S.obj
                0x20000430                aeabi_bits_funcs
                0x20000440                aeabi_bits_funcs_end
 .data.aeabi_mem_funcs
                0x20000440       0x10 CMakeFiles/motor.dir/D_/app/519/pico/pico-sdk/src/rp2_common/pico_mem_ops/mem_ops_aeabi.S.obj
                0x20000440                aeabi_mem_funcs
                0x20000450                aeabi_mem_funcs_end
 .data.stdio_usb
                0x20000450       0x14 CMakeFiles/motor.dir/D_/app/519/pico/pico-sdk/src/rp2_common/pico_stdio_usb/stdio_usb.c.obj
                0x20000450                stdio_usb
 .data.ep_dir_string
                0x20000464        0x8 CMakeFiles/motor.dir/D_/app/519/pico/pico-sdk/lib/tinyusb/src/portable/raspberrypi/rp2040/rp2040_usb.c.obj
                0x20000464                ep_dir_string
 .data._usbd_qdef
                0x2000046c       0x24 CMakeFiles/motor.dir/D_/app/519/pico/pico-sdk/lib/tinyusb/src/device/usbd.c.obj
                0x2000046c                _usbd_qdef
                0x20000490                        . = ALIGN (0x4)
 *(.after_data.*)
                0x20000490                        . = ALIGN (0x4)
                0x20000490                        PROVIDE (__mutex_array_start = .)
 *(SORT_BY_NAME(.mutex_array.*))
 *(.mutex_array)
 .mutex_array   0x20000490        0x8 CMakeFiles/motor.dir/D_/app/519/pico/pico-sdk/src/rp2_common/pico_stdio/stdio.c.obj
                0x20000498                        PROVIDE (__mutex_array_end = .)
                0x20000498                        . = ALIGN (0x4)
                0x20000498                        PROVIDE (__preinit_array_start = .)
 *(SORT_BY_NAME(.preinit_array.*))
 .preinit_array.00001
                0x20000498        0x4 CMakeFiles/motor.dir/D_/app/519/pico/pico-sdk/src/rp2_common/pico_mem_ops/mem_ops_aeabi.S.obj
 .preinit_array.00010
                0x2000049c        0x4 CMakeFiles/motor.dir/D_/app/519/pico/pico-sdk/src/rp2_common/pico_bit_ops/bit_ops_aeabi.S.obj
 .preinit_array.00020
                0x200004a0        0x4 CMakeFiles/motor.dir/D_/app/519/pico/pico-sdk/src/rp2_common/pico_double/double_aeabi.S.obj
 .preinit_array.00020
                0x200004a4        0x4 CMakeFiles/motor.dir/D_/app/519/pico/pico-sdk/src/rp2_common/pico_float/float_aeabi.S.obj
 *(.preinit_array)
                0x200004a8                        PROVIDE (__preinit_array_end = .)
                0x200004a8                        . = ALIGN (0x4)
                0x200004a8                        PROVIDE (__init_array_start = .)
 *(SORT_BY_NAME(.init_array.*))
 *(.init_array)
 .init_array    0x200004a8        0x4 d:/app/519/1213fb~1.2mp/bin/../lib/gcc/arm-none-eabi/12.2.0/thumb/v6-m/nofp/crtbegin.o
 .init_array    0x200004ac        0x4 CMakeFiles/motor.dir/D_/app/519/pico/pico-sdk/src/rp2_common/pico_unique_id/unique_id.c.obj
                0x200004b0                        PROVIDE (__init_array_end = .)
                0x200004b0                        . = ALIGN (0x4)
                [!provide]                        PROVIDE (__fini_array_start = .)
 *(SORT_BY_NAME(.fini_array.*))
 *(.fini_array)
                [!provide]                        PROVIDE (__fini_array_end = .)
 *(.jcr)
                0x200004b0                        . = ALIGN (0x4)
                0x200004b0                        __data_end__ = .

.tm_clone_table
                0x200004b0        0x0 load address 0x10008cb4
 .tm_clone_table
                0x200004b0        0x0 d:/app/519/1213fb~1.2mp/bin/../lib/gcc/arm-none-eabi/12.2.0/thumb/v6-m/nofp/crtbegin.o
 .tm_clone_table